scripts/kconfig/conf --silentoldconfig Kconfig
drivers/input/misc/Kconfig:282:warning: type of 'INPUT_KEYCHORD' redefined from 'boolean' to 'tristate'
arch/arm/Kconfig:1718:warning: 'HZ': number is invalid
arch/arm/Kconfig:1719:warning: 'HZ': number is invalid
arch/arm/Kconfig:1720:warning: 'HZ': number is invalid
warning: (ARCH_MSM_KRAITMP && ARCH_MSM_CORTEX_A5) selects HAVE_HW_BRKPT_RESERVED_RW_ACCESS which has unmet direct dependencies (HAVE_HW_BREAKPOINT)
warning: (SND_SOC_MSM8960) selects SND_SOC_MSM_QDSP6_HDMI_AUDIO which has unmet direct dependencies (SOUND && !M68K && !UML && SND && SND_SOC && FB_MSM_HDMI_MSM_PANEL)
warning: (ARCH_MSM_KRAITMP && ARCH_MSM_CORTEX_A5) selects HAVE_HW_BRKPT_RESERVED_RW_ACCESS which has unmet direct dependencies (HAVE_HW_BREAKPOINT)
warning: (SND_SOC_MSM8960) selects SND_SOC_MSM_QDSP6_HDMI_AUDIO which has unmet direct dependencies (SOUND && !M68K && !UML && SND && SND_SOC && FB_MSM_HDMI_MSM_PANEL)
  WRAP    arch/arm/include/generated/asm/auxvec.h
  WRAP    arch/arm/include/generated/asm/bitsperlong.h
  CHK     include/linux/version.h
  WRAP    arch/arm/include/generated/asm/cputime.h
  UPD     include/linux/version.h
  WRAP    arch/arm/include/generated/asm/emergency-restart.h
  WRAP    arch/arm/include/generated/asm/errno.h
  WRAP    arch/arm/include/generated/asm/ioctl.h
  WRAP    arch/arm/include/generated/asm/irq_regs.h
  WRAP    arch/arm/include/generated/asm/local.h
  WRAP    arch/arm/include/generated/asm/local64.h
  WRAP    arch/arm/include/generated/asm/kdebug.h
  WRAP    arch/arm/include/generated/asm/percpu.h
  WRAP    arch/arm/include/generated/asm/poll.h
  WRAP    arch/arm/include/generated/asm/resource.h
  WRAP    arch/arm/include/generated/asm/sections.h
  WRAP    arch/arm/include/generated/asm/siginfo.h
  WRAP    arch/arm/include/generated/asm/sizes.h
  CHK     include/generated/utsrelease.h
  UPD     include/generated/utsrelease.h
  HOSTCC  scripts/genksyms/genksyms.o
  CC      scripts/mod/empty.o
  HOSTCC  scripts/mod/mk_elfconfig
  MKELF   scripts/mod/elfconfig.h
  HOSTCC  scripts/mod/file2alias.o
  SHIPPED scripts/genksyms/lex.lex.c
  SHIPPED scripts/genksyms/keywords.hash.c
  SHIPPED scripts/genksyms/parse.tab.h
  SHIPPED scripts/genksyms/parse.tab.c
  HOSTCC  scripts/genksyms/lex.lex.o
  Generating include/generated/mach-types.h
  CC      kernel/bounds.s
  GEN     include/generated/bounds.h
  CC      arch/arm/kernel/asm-offsets.s
  HOSTCC  scripts/mod/modpost.o
  GEN     include/generated/asm-offsets.h
  CALL    scripts/checksyscalls.sh
  HOSTCC  scripts/kallsyms
  HOSTCC  scripts/genksyms/parse.tab.o
  HOSTCC  scripts/mod/sumversion.o
  HOSTLD  scripts/genksyms/genksyms
  HOSTCC  scripts/bin2c
  HOSTCC  scripts/conmakehash
  HOSTLD  scripts/mod/modpost
  CC      init/main.o
  CHK     include/generated/compile.h
  HOSTCC  usr/gen_init_cpio
  CC      arch/arm/vfp/vfpmodule.o
  UPD     include/generated/compile.h
  CC      init/do_mounts.o
  GEN     usr/initramfs_data.cpio
  AS      usr/initramfs_data.o
  LD      usr/built-in.o
  AS      arch/arm/vfp/entry.o
  AS      arch/arm/vfp/vfphw.o
  CC      arch/arm/vfp/vfpsingle.o
  CC      arch/arm/vfp/vfpdouble.o
  CC      init/do_mounts_rd.o
  CC      init/do_mounts_initrd.o
  CC      init/initramfs.o
  LD      arch/arm/vfp/vfp.o
  LD      arch/arm/vfp/built-in.o
  CC      arch/arm/kernel/elf.o
  CC      init/calibrate.o
  CC      arch/arm/mm/dma-mapping.o
  AS      arch/arm/kernel/entry-armv.o
  CC      init/version.o
  AS      arch/arm/kernel/entry-common.o
  LD      init/mounts.o
  CC      arch/arm/mm/extable.o
  CC      arch/arm/kernel/irq.o
  CC      arch/arm/mm/fault.o
  LD      init/built-in.o
  CC      arch/arm/common/gic.o
  CC      arch/arm/kernel/opcodes.o
  CC      arch/arm/kernel/process.o
  CC      arch/arm/mm/init.o
  CC      arch/arm/mm/iomap.o
  CC      arch/arm/common/cpaccess.o
  CC      arch/arm/mm/fault-armv.o
  CC      arch/arm/kernel/ptrace.o
  CC      arch/arm/mm/flush.o
  LD      arch/arm/common/built-in.o
  CC      arch/arm/kernel/return_address.o
  CC      arch/arm/mm/idmap.o
arch/arm/kernel/return_address.c:62:2: warning: #warning "TODO: return_address should use unwind tables"
  CC      arch/arm/mm/ioremap.o
  CC      arch/arm/kernel/sched_clock.o
  CC      arch/arm/kernel/setup.o
  CC      arch/arm/mm/mmap.o
  CC      arch/arm/kernel/signal.o
  CC      arch/arm/kernel/stacktrace.o
  CC      arch/arm/mm/pgd.o
  CC      arch/arm/kernel/sys_arm.o
  CC      arch/arm/kernel/time.o
  LD      arch/arm/net/built-in.o
  CC      arch/arm/mach-msm/io.o
  CC      arch/arm/mm/mmu.o
  CC      arch/arm/kernel/traps.o
  CC      arch/arm/mach-msm/dma.o
  CC      arch/arm/kernel/cpuidle.o
  CC      arch/arm/perfmon/perf-function-hooks.o
  CC      arch/arm/mm/vmregion.o
  CC      arch/arm/kernel/armksyms.o
  LD      arch/arm/perfmon/built-in.o
  CC      kernel/fork.o
  CC      arch/arm/mach-msm/memory.o
  CC      arch/arm/mm/proc-syms.o
  CC      arch/arm/kernel/module.o
  CC      arch/arm/mm/alignment.o
  CC      arch/arm/mach-msm/timer.o
  CC      arch/arm/kernel/bios32.o
  CC      arch/arm/mm/highmem.o
  CC      arch/arm/mach-msm/clock.o
  CC      arch/arm/kernel/isa.o
  CC      kernel/exec_domain.o
  AS      arch/arm/kernel/sleep.o
  CC      arch/arm/kernel/suspend.o
  AS      arch/arm/mm/abort-ev7.o
  AS      arch/arm/mm/pabort-v7.o
  AS      arch/arm/mm/cache-v7.o
  CC      arch/arm/mm/copypage-v6.o
  CC      arch/arm/mach-msm/clock-voter.o
  CC      arch/arm/kernel/smp.o
  CC      arch/arm/mach-msm/clock-dummy.o
  CC      kernel/panic.o
  CC      arch/arm/mm/context.o
  CC      arch/arm/mach-msm/modem_notifier.o
  AS      arch/arm/mm/tlb-v7.o
  CC      arch/arm/kernel/smp_tlb.o
  CC      kernel/printk.o
  AS      arch/arm/mm/proc-v7.o
  LD      arch/arm/mm/built-in.o
  CC      arch/arm/mach-msm/subsystem_map.o
  CC      mm/filemap.o
  CC      arch/arm/kernel/smp_scu.o
  CC      arch/arm/kernel/kprobes.o
  CC      arch/arm/mach-msm/cpufreq.o
  CC      arch/arm/kernel/kprobes-common.o
  CC      arch/arm/kernel/patch.o
  CC      kernel/cpu.o
  CC      arch/arm/mach-msm/nohlt.o
  CC      arch/arm/kernel/kprobes-arm.o
  CC      arch/arm/mach-msm/clock-debug.o
  CC      mm/mempool.o
  CC      arch/arm/kernel/sys_oabi-compat.o
  CC      arch/arm/mach-msm/acpuclock.o
  CC      kernel/exit.o
  CC      arch/arm/mach-msm/acpuclock-krait.o
  CC      arch/arm/kernel/unwind.o
  CC      mm/oom_kill.o
  CC      arch/arm/kernel/swp_emulate.o
  CC      arch/arm/mach-msm/msm-krait-l2-accessors.o
  CC      arch/arm/mach-msm/pmu.o
  CC      mm/fadvise.o
  CC      arch/arm/kernel/pmu.o
  CC      kernel/itimer.o
  CC      arch/arm/mach-msm/perf_event_msm_krait_l2.o
  CC      mm/maccess.o
  TIMEC   kernel/timeconst.h
  CC      arch/arm/kernel/perf_event.o
  CC      kernel/softirq.o
  CC      mm/page_alloc.o
  CC      arch/arm/mach-msm/krait-scm.o
  AS      arch/arm/mach-msm/headsmp.o
  CC      arch/arm/mach-msm/platsmp.o
  CC      arch/arm/mach-msm/hotplug.o
  AS      arch/arm/mach-msm/avs_hw.o
  CC      kernel/resource.o
  AS      arch/arm/mach-msm/idle-v7.o
  CC      arch/arm/mach-msm/jtag.o
  CC      arch/arm/kernel/topology.o
  CC      arch/arm/kernel/io.o
  AS      arch/arm/kernel/head.o
  CC      arch/arm/kernel/init_task.o
  CC      kernel/sysctl.o
  CC      arch/arm/mach-msm/scm.o
  CC      mm/page-writeback.o
  LDS     arch/arm/kernel/vmlinux.lds
  LD      arch/arm/kernel/built-in.o
  CC      fs/open.o
  CC      arch/arm/mach-msm/scm-boot.o
  CC      arch/arm/mach-msm/peripheral-loader.o
  CC      kernel/sysctl_binary.o
  CC      fs/read_write.o
  CC      arch/arm/mach-msm/scm-pas.o
  CC      kernel/capability.o
  CC      mm/readahead.o
  CC      arch/arm/mach-msm/pil-q6v4.o
  CC      fs/file_table.o
  CC      kernel/ptrace.o
  CC      arch/arm/mach-msm/pil-riva.o
  CC      mm/swap.o
  CC      fs/super.o
  CC      arch/arm/mach-msm/pil-tzapps.o
  CC      kernel/timer.o
  CC      arch/arm/mach-msm/pil-vidc.o
  CC      arch/arm/mach-msm/pil-dsps.o
  CC      arch/arm/mach-msm/pil-gss.o
  CC      mm/truncate.o
  CC      fs/char_dev.o
  CC      arch/arm/mach-msm/bam_dmux.o
  CC      mm/vmscan.o
  CC      fs/stat.o
  CC      kernel/user.o
  CC      kernel/signal.o
  CC      fs/exec.o
  CC      arch/arm/mach-msm/smem_log.o
  CC      arch/arm/mach-msm/ipc_logging.o
  CC      fs/pipe.o
  CC      mm/shmem.o
  CC      kernel/sys.o
  CC      arch/arm/mach-msm/ipc_logging_debug.o
  CC      arch/arm/mach-msm/smd.o
  CC      fs/namei.o
  CC      kernel/kmod.o
  CC      mm/prio_tree.o
  CC      mm/util.o
  CC      kernel/workqueue.o
  CC      arch/arm/mach-msm/smd_debug.o
  CC      mm/mmzone.o
  CC      mm/vmstat.o
  CC      fs/fcntl.o
  CC      arch/arm/mach-msm/remote_spinlock.o
  CC      arch/arm/mach-msm/smd_private.o
  CC      mm/backing-dev.o
  CC      fs/ioctl.o
  CC      arch/arm/mach-msm/socinfo.o
  CC      kernel/pid.o
  CC      arch/arm/mach-msm/smd_tty.o
  CC      fs/readdir.o
  CC      mm/page_isolation.o
  CC      arch/arm/mach-msm/smd_qmi.o
  CC      kernel/rcupdate.o
  CC      mm/mm_init.o
  CC      fs/select.o
  CC      mm/mmu_context.o
  CC      kernel/extable.o
  CC      arch/arm/mach-msm/smd_pkt.o
  CC      mm/percpu.o
  CC      kernel/params.o
  CC      fs/fifo.o
  CC      arch/arm/mach-msm/msm_dsps.o
  CC      kernel/posix-timers.o
  CC      fs/dcache.o
  CC      arch/arm/mach-msm/smd_nmea.o
  CC      mm/compaction.o
  CC      arch/arm/mach-msm/ipc_router_smd_xprt.o
  CC      mm/fremap.o
  CC      kernel/kthread.o
  CC      mm/highmem.o
  CC      kernel/wait.o
  CC      fs/inode.o
  CC      arch/arm/mach-msm/ipc_router.o
  CC      kernel/kfifo.o
  CC      mm/madvise.o
  CC      mm/memory.o
  CC      kernel/sys_ni.o
  CC      kernel/posix-cpu-timers.o
  CC      fs/attr.o
  CC      arch/arm/mach-msm/ipc_socket.o
  CC      kernel/mutex.o
  CC      fs/bad_inode.o
  CC      fs/file.o
  CC      kernel/hrtimer.o
  CC      arch/arm/mach-msm/smd_rpc_sym.o
  CC      mm/mincore.o
  CC      arch/arm/mach-msm/msm_bus/msm_bus_core.o
  CC      fs/filesystems.o
  CC      mm/mlock.o
  CC      arch/arm/mach-msm/msm_bus/msm_bus_fabric.o
  CC      kernel/rwsem.o
  CC      fs/namespace.o
  CC      kernel/nsproxy.o
  CC      arch/arm/mach-msm/msm_bus/msm_bus_config.o
  CC      mm/mmap.o
  CC      kernel/srcu.o
  CC      arch/arm/mach-msm/msm_bus/msm_bus_arb.o
  CC      kernel/semaphore.o
  CC      kernel/notifier.o
  CC      arch/arm/mach-msm/msm_bus/msm_bus_bimc.o
  CC      fs/seq_file.o
  CC      mm/mprotect.o
  CC      kernel/ksysfs.o
  CC      arch/arm/mach-msm/msm_bus/msm_bus_noc.o
  CC      mm/mremap.o
  CC      fs/xattr.o
  CC      kernel/cred.o
  CC      mm/msync.o
  CC      arch/arm/mach-msm/msm_bus/msm_bus_of.o
  CC      kernel/async.o
  CC      mm/rmap.o
  CC      fs/libfs.o
  CC      arch/arm/mach-msm/msm_bus/msm_bus_rpm.o
  CC      kernel/range.o
  CC      kernel/groups.o
  CC      arch/arm/mach-msm/msm_bus/msm_bus_board_8960.o
  CC      fs/fs-writeback.o
  CC      mm/vmalloc.o
  CC      arch/arm/mach-msm/msm_bus/msm_bus_board_8064.o
  CC      kernel/events/core.o
  CC      arch/arm/mach-msm/msm_bus/msm_bus_board_8930.o
  CC      arch/arm/mach-msm/msm_bus/msm_bus_dbg.o
  CC      mm/pagewalk.o
  CC      fs/pnode.o
  LD      arch/arm/mach-msm/msm_bus/built-in.o
  CC      arch/arm/mach-msm/qdsp6v2/apr.o
  CC      mm/pgtable-generic.o
  CC      fs/drop_caches.o
  CC      mm/process_vm_access.o
  CC      fs/splice.o
  CC      arch/arm/mach-msm/qdsp6v2/apr_v1.o
  CC      mm/init-mm.o
  CC      arch/arm/mach-msm/qdsp6v2/apr_tal.o
  CC      mm/bootmem.o
  CC      kernel/events/ring_buffer.o
  CC      arch/arm/mach-msm/qdsp6v2/q6core.o
  CC      mm/memblock.o
  CC      fs/sync.o
  CC      kernel/events/callchain.o
  CC      arch/arm/mach-msm/qdsp6v2/dsp_debug.o
  LD      kernel/events/built-in.o
  CC      kernel/irq/irqdesc.o
  CC      mm/bounce.o
  CC      arch/arm/mach-msm/qdsp6v2/audio_acdb.o
  CC      fs/utimes.o
  CC      kernel/irq/handle.o
  CC      fs/stack.o
  CC      mm/page_io.o
  CC      fs/fs_struct.o
  CC      kernel/irq/manage.o
  CC      arch/arm/mach-msm/qdsp6v2/aac_in.o
  CC      mm/swap_state.o
  CC      arch/arm/mach-msm/qdsp6v2/qcelp_in.o
  CC      fs/statfs.o
  CC      mm/swapfile.o
  CC      kernel/irq/spurious.o
  CC      arch/arm/mach-msm/qdsp6v2/evrc_in.o
  CC      fs/buffer.o
  CC      kernel/irq/resend.o
  CC      kernel/irq/chip.o
  CC      arch/arm/mach-msm/qdsp6v2/amrnb_in.o
  CC      arch/arm/mach-msm/qdsp6v2/audio_utils.o
  CC      mm/thrash.o
  CC      kernel/irq/dummychip.o
  CC      kernel/irq/devres.o
  CC      mm/dmapool.o
  CC      arch/arm/mach-msm/qdsp6v2/audio_wma.o
  CC      kernel/irq/autoprobe.o
  CC      arch/arm/mach-msm/qdsp6v2/audio_wmapro.o
  CC      mm/sparse.o
  CC      kernel/irq/irqdomain.o
  CC      fs/bio.o
  CC      arch/arm/mach-msm/qdsp6v2/audio_aac.o
  CC      mm/slub.o
  CC      kernel/irq/proc.o
  CC      arch/arm/mach-msm/qdsp6v2/audio_multi_aac.o
  CC      kernel/irq/pm.o
  CC      arch/arm/mach-msm/qdsp6v2/audio_utils_aio.o
  CC      fs/block_dev.o
  LD      kernel/irq/built-in.o
  CC      kernel/power/qos.o
  CC      kernel/power/main.o
  CC      arch/arm/mach-msm/qdsp6v2/rtac.o
  CC      fs/direct-io.o
  CC      kernel/power/console.o
  CC      kernel/power/process.o
  CC      mm/cleancache.o
  CC      arch/arm/mach-msm/qdsp6v2/q6audio_v1.o
  CC      arch/arm/mach-msm/qdsp6v2/q6audio_v1_aio.o
  CC      kernel/power/suspend.o
  LD      mm/built-in.o
  CC      kernel/power/wakelock.o
  CC      arch/arm/mach-msm/qdsp6v2/audio_mp3.o
  CC      kernel/sched/core.o
  CC      fs/mpage.o
  CC      arch/arm/mach-msm/qdsp6v2/audio_amrnb.o
  CC      kernel/power/userwakelock.o
  CC      arch/arm/mach-msm/qdsp6v2/audio_amrwb.o
  CC      kernel/power/earlysuspend.o
  CC      arch/arm/mach-msm/qdsp6v2/audio_evrc.o
  CC      fs/ioprio.o
  CC      arch/arm/mach-msm/qdsp6v2/audio_qcelp.o
  CC      kernel/power/fbearlysuspend.o
  CC      arch/arm/mach-msm/qdsp6v2/amrwb_in.o
  CC      fs/proc_namespace.o
  CC      kernel/power/poweroff.o
  LD      kernel/power/built-in.o
  CC      fs/cifs/cifsfs.o
  CC      arch/arm/mach-msm/qdsp6v2/ultrasound/q6usm.o
  CC      arch/arm/mach-msm/sky_rawdata/ksky_rawdata.o
  LD      arch/arm/mach-msm/sky_rawdata/built-in.o
  CC      fs/cifs/cifssmb.o
  CC      arch/arm/mach-msm/pm-boot.o
  CC      arch/arm/mach-msm/qdsp6v2/ultrasound/usf.o
  CC      arch/arm/mach-msm/pm-8x60.o
  CC      arch/arm/mach-msm/qdsp6v2/ultrasound/usfcdev.o
  CC      kernel/sched/clock.o
  CC      fs/cifs/cifs_debug.o
  LD      arch/arm/mach-msm/qdsp6v2/ultrasound/built-in.o
  LD      arch/arm/mach-msm/qdsp6v2/built-in.o
  CC      arch/arm/mach-msm/pm-data.o
  CC      kernel/sched/idle_task.o
  CC      arch/arm/mach-msm/pm-stats.o
  CC      kernel/sched/fair.o
  CC      arch/arm/mach-msm/pcie.o
  CC      kernel/sched/rt.o
  CC      arch/arm/mach-msm/pcie_irq.o
  CC      arch/arm/mach-msm/spm-v2.o
  CC      ipc/util.o
  CC      fs/cifs/connect.o
  CC      kernel/sched/stop_task.o
  CC      arch/arm/mach-msm/spm_devices.o
  CC      kernel/sched/cpupri.o
  CC      ipc/msgutil.o
  LD      kernel/sched/built-in.o
  CC      kernel/time/timekeeping.o
  CC      arch/arm/mach-msm/rpm-regulator.o
  CC      ipc/msg.o
  CC      ipc/sem.o
  CC      kernel/time/ntp.o
  CC      kernel/time/clocksource.o
  CC      arch/arm/mach-msm/rpm-regulator-8960.o
  CC      fs/cifs/dir.o
  CC      arch/arm/mach-msm/rpm-regulator-8930.o
  CC      ipc/shm.o
  CC      kernel/time/jiffies.o
  CC      arch/arm/mach-msm/subsystem_notif.o
  CC      kernel/time/timer_list.o
  CC      fs/cifs/file.o
  CC      arch/arm/mach-msm/subsystem_restart.o
  CC      ipc/ipcns_notifier.o
  CC      kernel/time/timecompare.o
  CC      ipc/syscall.o
  CC      kernel/time/timeconv.o
  CC      ipc/ipc_sysctl.o
  CC      kernel/time/posix-clock.o
  CC      arch/arm/mach-msm/ramdump.o
  LD      ipc/built-in.o
  CC      kernel/time/clockevents.o
  CC      arch/arm/mach-msm/sysmon.o
  CC      fs/debugfs/inode.o
  CC      kernel/time/tick-common.o
  CC      arch/arm/mach-msm/modem-8960.o
  CC      fs/cifs/inode.o
  CC      kernel/time/tick-broadcast.o
  CC      arch/arm/mach-msm/lpass-8960.o
  CC      fs/debugfs/file.o
  CC      arch/arm/mach-msm/wcnss-ssr-8960.o
  CC      kernel/time/tick-oneshot.o
  CC      arch/arm/mach-msm/gss-8064.o
  CC      kernel/time/tick-sched.o
  LD      fs/debugfs/debugfs.o
  LD      fs/debugfs/built-in.o
  CC      kernel/time/timer_stats.o
  CC      arch/arm/mach-msm/cpuidle.o
  CC      arch/arm/mach-msm/msm_watchdog.o
  CC      security/keys/gc.o
  LD      kernel/time/built-in.o
  CC      fs/cifs/link.o
  CC      kernel/trace/trace_clock.o
  CC      security/keys/key.o
  AS      arch/arm/mach-msm/msm_watchdog_asm.o
  CC      arch/arm/mach-msm/clock-local.o
  CC      kernel/trace/ring_buffer.o
  CC      fs/cifs/misc.o
  CC      security/keys/keyring.o
  CC      arch/arm/mach-msm/clock-dss-8960.o
  CC      arch/arm/mach-msm/clock-8960.o
  CC      fs/cifs/netmisc.o
  CC      security/keys/keyctl.o
  CC      kernel/trace/trace.o
  CC      fs/cifs/smbencrypt.o
  CC      security/keys/permission.o
  CC      arch/arm/mach-msm/clock-rpm.o
  CC      security/keys/process_keys.o
  CC      arch/arm/mach-msm/clock-pll.o
  CC      fs/cifs/transport.o
  CC      arch/arm/mach-msm/footswitch-8x60.o
  CC      security/keys/request_key.o
  CC      arch/arm/mach-msm/acpuclock-8960.o
  CC      security/keys/request_key_auth.o
  CC      fs/cifs/asn1.o
  CC      arch/arm/mach-msm/acpuclock-8960ab.o
  CC      security/keys/user_defined.o
  CC      arch/arm/mach-msm/memory_topology.o
  CC      kernel/trace/trace_output.o
  CC      security/keys/proc.o
  CC      fs/cifs/cifs_unicode.o
  CC      arch/arm/mach-msm/saw-regulator.o
  CC      security/keys/sysctl.o
  CC      arch/arm/mach-msm/devices-8960.o
  LD      security/keys/built-in.o
  CC      security/commoncap.o
  CC      fs/cifs/nterr.o
  CC      fs/cifs/xattr.o
  CC      kernel/trace/trace_stat.o
  CC      arch/arm/mach-msm/devices-8064.o
  CC      security/min_addr.o
  CC      kernel/trace/trace_printk.o
  LD      security/built-in.o
  CC      kernel/trace/trace_sched_switch.o
  CC      fs/cifs/cifsencrypt.o
  CC      arch/arm/mach-msm/acpuclock-8064.o
  CC      arch/arm/mach-msm/board-8064.o
  CC      arch/arm/mach-msm/board-8064-pmic.o
  CC      kernel/trace/trace_nop.o
  CC      fs/cifs/readdir.o
  CC      crypto/api.o
  CC      kernel/trace/blktrace.o
  CC      arch/arm/mach-msm/board-8064-storage.o
  CC      kernel/trace/trace_events.o
  CC      arch/arm/mach-msm/board-8064-gpiomux.o
  CC      fs/cifs/ioctl.o
  CC      crypto/cipher.o
  CC      arch/arm/mach-msm/board-8064-camera.o
  CC      crypto/compress.o
  CC      fs/cifs/sess.o
  CC      arch/arm/mach-msm/board-8064-display.o
  CC      kernel/trace/trace_export.o
  CC      crypto/algapi.o
  CC      kernel/trace/trace_event_perf.o
  CC      arch/arm/mach-msm/board-8064-gpu.o
  CC      fs/cifs/export.o
  CC      arch/arm/mach-msm/board-8064-regulator.o
  CC      kernel/trace/trace_events_filter.o
  CC      crypto/scatterwalk.o
  CC      arch/arm/mach-msm/acpuclock-8930.o
  LD      fs/cifs/cifs.o
  LD      fs/cifs/built-in.o
  CC      fs/devpts/inode.o
  CC      arch/arm/mach-msm/acpuclock-8627.o
  LD      fs/devpts/devpts.o
  LD      fs/devpts/built-in.o
  LD      fs/exofs/built-in.o
  CC      crypto/proc.o
  CC      fs/ext2/balloc.o
  CC      arch/arm/mach-msm/acpuclock-8930aa.o
  CC      crypto/ablkcipher.o
  CC      kernel/trace/trace_kprobe.o
  CC      arch/arm/mach-msm/rpm.o
  CC      fs/ext2/dir.o
  CC      arch/arm/mach-msm/rpm_resources.o
  CC      fs/ext2/file.o
  CC      crypto/blkcipher.o
  CC      fs/ext2/ialloc.o
  CC      kernel/trace/power-traces.o
  CC      arch/arm/mach-msm/mpm.o
  CC      fs/ext2/inode.o
  CC      arch/arm/mach-msm/rpm_stats.o
  CC      crypto/ahash.o
  CC      kernel/trace/rpm-traces.o
  CC      arch/arm/mach-msm/rpm_master_stat.o
  CC      fs/ext2/ioctl.o
  CC      arch/arm/mach-msm/rpm_rbcpr_stats.o
  CC      crypto/shash.o
  LD      kernel/trace/built-in.o
  CC      fs/ext2/namei.o
  CC      kernel/freezer.o
  CC      fs/ext2/super.o
  CC      arch/arm/mach-msm/rpm_log.o
  CC      kernel/profile.o
  CC      crypto/algboss.o
  CC      arch/arm/mach-msm/tz_log.o
  CC      arch/arm/mach-msm/msm_xo.o
  CC      fs/ext2/symlink.o
  CC      kernel/stacktrace.o
  CC      crypto/testmgr.o
  CC      fs/ext2/xattr.o
  CC      kernel/futex.o
  CC      arch/arm/mach-msm/devices-iommu.o
  CC      crypto/crypto_wq.o
  CC      arch/arm/mach-msm/iommu_domains.o
  CC      fs/ext2/xattr_user.o
  CC      fs/ext2/xattr_trusted.o
  LD      crypto/crypto_algapi.o
  CC      crypto/aead.o
  LD      fs/ext2/ext2.o
  LD      fs/ext2/built-in.o
  CC      fs/ext3/balloc.o
  CC      kernel/rtmutex.o
  CC      arch/arm/mach-msm/event_timer.o
  CC      arch/arm/mach-msm/gpiomux-v2.o
  CC      arch/arm/mach-msm/gpiomux.o
  LD      crypto/crypto_blkcipher.o
  CC      crypto/chainiv.o
  CC      kernel/smp.o
  CC      arch/arm/mach-msm/msm_dcvs_scm.o
  CC      crypto/eseqiv.o
  CC      fs/ext3/bitmap.o
  CC      kernel/spinlock.o
  CC      arch/arm/mach-msm/msm_dcvs.o
  CC      fs/ext3/dir.o
  LD      crypto/crypto_hash.o
  CC      crypto/pcompress.o
  CC      kernel/uid16.o
  CC      fs/ext3/file.o
  CC      arch/arm/mach-msm/msm_dcvs_idle.o
  CC      kernel/module.o
  LD      crypto/cryptomgr.o
  CC      crypto/hmac.o
  CC      arch/arm/mach-msm/msm_rq_stats.o
  CC      fs/ext3/fsync.o
  CC      crypto/xcbc.o
  CC      arch/arm/mach-msm/msm_show_resume_irq.o
  CC      arch/arm/mach-msm/restart.o
  CC      fs/ext3/ialloc.o
  CC      crypto/crypto_null.o
  CC      crypto/md4.o
  CC      fs/ext3/inode.o
  CC      arch/arm/mach-msm/mdm2.o
  CC      crypto/md5.o
  CC      arch/arm/mach-msm/mdm_common.o
  CC      crypto/sha1_generic.o
  CC      kernel/kallsyms.o
  CC      crypto/sha256_generic.o
  CC      arch/arm/mach-msm/msm_rtb.o
  CC      kernel/cgroup.o
  CC      arch/arm/mach-msm/cache_erp.o
  CC      fs/ext3/ioctl.o
  CC      crypto/ecb.o
  CC      arch/arm/mach-msm/ebi_erp.o
  CC      fs/ext3/namei.o
  CC      crypto/cbc.o
  CC      arch/arm/mach-msm/hsic_sysmon.o
  CC      crypto/des_generic.o
  CC      arch/arm/mach-msm/pantech_restart.o
  CC      arch/arm/mach-msm/pantech_apanic.o
  CC      fs/ext3/super.o
  CC      kernel/cgroup_freezer.o
  CC      crypto/twofish_generic.o
  CC      arch/arm/mach-msm/sky_sys_reset.o
  GZIP    kernel/config_data.gz
  CC      kernel/res_counter.o
  CC [M]  arch/arm/mach-msm/reset_modem.o
  CC      crypto/twofish_common.o
  CC [M]  arch/arm/mach-msm/dma_test.o
  CC      kernel/stop_machine.o
  CC [M]  arch/arm/mach-msm/msm-buspm-dev.o
  CC      crypto/aes_generic.o
  CC      kernel/kprobes.o
  LD      arch/arm/mach-msm/board-8064-all.o
  LD      arch/arm/mach-msm/built-in.o
  CC      fs/ext3/symlink.o
  CC      block/elevator.o
  CC      fs/ext3/hash.o
  CC      crypto/arc4.o
  CC      kernel/rcutree.o
  CC      crypto/deflate.o
  CC      fs/ext3/resize.o
  CC      crypto/crc32c.o
  CC      crypto/authenc.o
  CC      block/blk-core.o
  CC      fs/ext3/ext3_jbd.o
  CC      kernel/utsname_sysctl.o
  CC      fs/ext3/xattr.o
  CC      kernel/tracepoint.o
  CC      crypto/authencesn.o
  CC      kernel/elfcore.o
  CC      crypto/rng.o
  CC      fs/ext3/xattr_user.o
  CC      kernel/irq_work.o
  CC      kernel/cpu_pm.o
  CC      fs/ext3/xattr_trusted.o
  CC      crypto/krng.o
  CC      kernel/time.o
  CC      block/blk-tag.o
  LD      fs/ext3/ext3.o
  CC [M]  crypto/ansi_cprng.o
  LD      fs/ext3/built-in.o
  CC      fs/ext4/balloc.o
  LD      crypto/crypto.o
  LD      crypto/built-in.o
  CC      fs/fat/cache.o
  CC      block/blk-sysfs.o
  CHK     kernel/config_data.h
  UPD     kernel/config_data.h
  CC      kernel/configs.o
  LD      kernel/built-in.o
  CC      fs/ext4/bitmap.o
  CC      fs/fat/dir.o
  LD      drivers/auxdisplay/built-in.o
  CC      drivers/base/core.o
  CC      block/blk-flush.o
  CC      fs/ext4/dir.o
  CC      block/blk-settings.o
  CC      fs/ext4/file.o
  CC      drivers/base/bus.o
  CC      fs/fat/fatent.o
  CC      fs/ext4/fsync.o
  CC      block/blk-ioc.o
  CC      drivers/base/dd.o
  CC      fs/ext4/ialloc.o
  CC      block/blk-map.o
  CC      fs/fat/file.o
  CC      drivers/base/syscore.o
  CC      drivers/base/driver.o
  CC      block/blk-exec.o
  CC      fs/ext4/inode.o
  CC      fs/fat/inode.o
  CC      drivers/base/class.o
  CC      block/blk-merge.o
  CC      drivers/base/platform.o
  CC      fs/fat/misc.o
  CC      block/blk-softirq.o
  CC      drivers/base/cpu.o
  CC      fs/fat/namei_vfat.o
  CC      drivers/base/firmware.o
  CC      block/blk-timeout.o
  CC      drivers/base/init.o
  CC      drivers/base/map.o
  CC      fs/ext4/page-io.o
  LD      fs/fat/fat.o
  LD      fs/fat/vfat.o
  LD      fs/fat/built-in.o
  CC      fs/fuse/dev.o
  CC      drivers/base/devres.o
  CC      block/blk-iopoll.o
  CC      fs/ext4/ioctl.o
  CC      drivers/base/attribute_container.o
  CC      block/blk-lib.o
  CC      drivers/base/transport_class.o
  CC      fs/ext4/namei.o
  CC      drivers/base/topology.o
  CC      block/ioctl.o
  CC      fs/fuse/dir.o
  CC      drivers/base/sys.o
  CC      drivers/base/power/sysfs.o
  CC      block/genhd.o
  CC      fs/fuse/file.o
  CC      drivers/base/power/generic_ops.o
  CC      fs/ext4/super.o
  CC      drivers/base/power/common.o
  CC      drivers/base/power/qos.o
  CC      block/scsi_ioctl.o
  CC      drivers/base/power/main.o
  CC      fs/fuse/inode.o
  CC      block/partition-generic.o
  CC      drivers/base/power/wakeup.o
  CC      fs/fuse/control.o
  CC      block/partitions/check.o
  LD      fs/fuse/fuse.o
  LD      fs/fuse/built-in.o
  CC      sound/sound_core.o
  CC      drivers/base/power/runtime.o
  CC      block/partitions/msdos.o
  LD      sound/arm/built-in.o
  LD      sound/atmel/built-in.o
  CC      sound/core/hwdep.o
  CC      block/partitions/efi.o
  CC      drivers/base/power/clock_ops.o
  CC      sound/core/memalloc.o
  LD      drivers/base/power/built-in.o
  CC      drivers/base/regmap/regmap.o
  LD      block/partitions/built-in.o
  CC      block/bsg.o
  CC      sound/core/pcm.o
  CC      drivers/base/regmap/regcache.o
  CC      fs/ext4/symlink.o
  CC      block/noop-iosched.o
  CC      sound/core/pcm_native.o
  CC      fs/ext4/hash.o
  CC      block/deadline-iosched.o
  CC      drivers/base/regmap/regcache-rbtree.o
  CC      fs/ext4/resize.o
  CC      drivers/base/regmap/regcache-lzo.o
  CC      block/cfq-iosched.o
  CC      drivers/base/regmap/regmap-debugfs.o
  CC      drivers/base/regmap/regmap-i2c.o
  CC      fs/ext4/extents.o
  CC      drivers/base/regmap/regmap-spi.o
  CC      sound/core/pcm_lib.o
  CC [M]  block/test-iosched.o
  LD      drivers/base/regmap/built-in.o
  CC      drivers/base/dma-mapping.o
  CC      drivers/base/dma-coherent.o
  LD      block/built-in.o
  CC      drivers/base/dma-buf.o
  CC      drivers/block/brd.o
  CC      sound/core/pcm_timer.o
  CC      sound/core/pcm_misc.o
  CC      drivers/base/genlock.o
  CC      drivers/block/loop.o
  CC      fs/ext4/ext4_jbd2.o
  CC      sound/core/pcm_memory.o
  CC      fs/ext4/migrate.o
  CC      drivers/base/firmware_class.o
  CC      sound/core/rawmidi.o
  LD      drivers/block/built-in.o
  LD      sound/drivers/mpu401/built-in.o
  LD      sound/drivers/opl3/built-in.o
  LD      sound/drivers/opl4/built-in.o
  LD      sound/drivers/pcsp/built-in.o
  LD      sound/drivers/vx/built-in.o
  LD      sound/drivers/built-in.o
  LD      sound/firewire/built-in.o
  LD      firmware/built-in.o
  CC      fs/ext4/mballoc.o
  LD      sound/i2c/other/built-in.o
  LD      sound/i2c/built-in.o
  LD      sound/isa/ad1816a/built-in.o
  LD      sound/isa/ad1848/built-in.o
  LD      sound/isa/cs423x/built-in.o
  LD      sound/isa/es1688/built-in.o
  LD      sound/isa/galaxy/built-in.o
  LD      sound/isa/gus/built-in.o
  LD      sound/isa/msnd/built-in.o
  LD      sound/isa/opti9xx/built-in.o
  LD      sound/isa/sb/built-in.o
  LD      sound/isa/wavefront/built-in.o
  LD      sound/isa/wss/built-in.o
  LD      sound/isa/built-in.o
  LD      sound/mips/built-in.o
  LD      sound/parisc/built-in.o
  LD      sound/pci/ac97/built-in.o
  LD      sound/pci/ali5451/built-in.o
  LD      sound/pci/asihpi/built-in.o
  LD      sound/pci/au88x0/built-in.o
  LD      sound/pci/aw2/built-in.o
  LD      sound/pci/ca0106/built-in.o
  CC      drivers/base/module.o
  LD      sound/pci/cs46xx/built-in.o
  LD      sound/pci/cs5535audio/built-in.o
  LD      sound/pci/ctxfi/built-in.o
  LD      sound/pci/echoaudio/built-in.o
  LD      sound/pci/emu10k1/built-in.o
  LD      sound/pci/hda/built-in.o
  LD      sound/pci/ice1712/built-in.o
  LD      sound/pci/korg1212/built-in.o
  LD      sound/pci/lola/built-in.o
  LD      sound/pci/lx6464es/built-in.o
  LD      sound/pci/mixart/built-in.o
  LD      sound/pci/nm256/built-in.o
  LD      sound/pci/oxygen/built-in.o
  LD      sound/pci/pcxhr/built-in.o
  LD      sound/pci/riptide/built-in.o
  LD      sound/pci/rme9652/built-in.o
  LD      sound/pci/trident/built-in.o
  LD      sound/pci/vx222/built-in.o
  LD      sound/pci/ymfpci/built-in.o
  LD      sound/pci/built-in.o
  LD      drivers/base/built-in.o
  LD      sound/pcmcia/pdaudiocf/built-in.o
  LD      sound/pcmcia/vx/built-in.o
  LD      sound/pcmcia/built-in.o
  CC      drivers/bluetooth/hci_smd.o
  LD      sound/ppc/built-in.o
  LD      sound/sh/built-in.o
  CC      sound/soc/soc-core.o
  CC      sound/core/timer.o
  CC      drivers/bluetooth/hci_ldisc.o
  CC      drivers/bluetooth/hci_h4.o
  CC      sound/core/sound.o
  CC      drivers/bluetooth/hci_ath.o
  CC      sound/core/init.o
  CC      fs/ext4/block_validity.o
  CC      sound/soc/soc-dapm.o
  CC      drivers/bluetooth/hci_ibs.o
  CC      fs/ext4/move_extent.o
  CC      sound/core/memory.o
  CC      sound/core/info.o
  CC      fs/ext4/mmp.o
  CC      drivers/bluetooth/bluetooth-power.o
  LD      drivers/bluetooth/hci_uart.o
  LD      drivers/bluetooth/built-in.o
  LD      drivers/cdrom/built-in.o
  CC      drivers/char/mem.o
  CC      fs/ext4/indirect.o
  CC      sound/core/control.o
  CC      drivers/char/random.o
  CC      sound/soc/soc-jack.o
  CC      fs/ext4/xattr.o
  CC      sound/soc/soc-cache.o
  CC      drivers/char/misc.o
  CC      sound/core/misc.o
  CC      drivers/char/diag/diagchar_core.o
  CC      sound/core/device.o
  CC      sound/soc/soc-utils.o
  CC      fs/ext4/xattr_user.o
  CC      sound/core/jack.o
  CC      sound/soc/soc-pcm.o
  CC      fs/ext4/xattr_trusted.o
  LD      sound/core/snd.o
  LD      sound/core/snd-hwdep.o
  LD      sound/core/snd-timer.o
  LD      sound/core/snd-pcm.o
  CC      drivers/char/diag/diagchar_hdlc.o
  LD      sound/core/snd-page-alloc.o
  LD      sound/core/snd-rawmidi.o
  LD      sound/core/built-in.o
  LD      sound/sparc/built-in.o
  CC      drivers/char/hw_random/core.o
  LD      fs/ext4/ext4.o
  LD      fs/ext4/built-in.o
  CC      fs/jbd/transaction.o
  CC      drivers/char/diag/diagfwd.o
  CC      drivers/char/hw_random/msm_rng.o
  LD      drivers/char/hw_random/rng-core.o
  LD      drivers/char/hw_random/built-in.o
  CC      drivers/char/msm_rotator.o
  CC      fs/jbd/commit.o
  CC      sound/soc/soc-io.o
  CC      drivers/char/diag/diagmem.o
  CC      fs/jbd/recovery.o
  LD      sound/soc/atmel/built-in.o
  LD      sound/soc/au1x/built-in.o
  LD      sound/soc/blackfin/built-in.o
  CC      sound/soc/codecs/cs8427.o
  CC      drivers/char/diag/diagfwd_cntl.o
  CC      drivers/char/diag/diag_dci.o
  CC      fs/jbd/checkpoint.o
  CC      fs/jbd/revoke.o
  CC      drivers/char/diag/diagfwd_hsic.o
  CC      sound/soc/codecs/msm_stub.o
  CC      drivers/char/diag/diagfwd_smux.o
  CC      sound/soc/codecs/wcd9304.o
  CC      fs/jbd/journal.o
  LD      sound/soc/davinci/built-in.o
  LD      sound/soc/ep93xx/built-in.o
  CC      sound/soc/codecs/wcd9304-tables.o
  LD      drivers/char/diag/diagchar.o
  LD      drivers/char/diag/built-in.o
  LD      drivers/char/built-in.o
  CC      drivers/clk/clkdev.o
  LD      sound/soc/fsl/built-in.o
  LD      sound/soc/imx/built-in.o
  CC      fs/jbd2/transaction.o
  LD      drivers/clk/built-in.o
  LD      drivers/clocksource/built-in.o
  CC      drivers/coresight/coresight.o
  CC      drivers/coresight/coresight-csr.o
  LD      fs/jbd/jbd.o
  LD      fs/jbd/built-in.o
  CC      drivers/coresight/coresight-tmc.o
  CC      fs/jbd2/commit.o
  CC      fs/lockd/clntlock.o
  CC      drivers/coresight/coresight-tpiu.o
  CC      sound/soc/codecs/wcd9310.o
  CC      fs/jbd2/recovery.o
  CC      drivers/coresight/coresight-etb.o
  CC      fs/lockd/clntproc.o
  CC      fs/jbd2/checkpoint.o
  CC      drivers/coresight/coresight-funnel.o
  CC      drivers/coresight/coresight-replicator.o
  CC      drivers/coresight/coresight-stm.o
  CC      fs/jbd2/revoke.o
  CC      fs/lockd/clntxdr.o
  CC      drivers/coresight/coresight-etm.o
  CC      fs/jbd2/journal.o
  CC      fs/lockd/host.o
  LD      drivers/coresight/built-in.o
  CC      drivers/cpufreq/cpufreq.o
  CC      fs/lockd/svc.o
  CC      sound/soc/codecs/wcd9310-tables.o
  LD      sound/soc/codecs/snd-soc-wcd9304.o
  LD      sound/soc/codecs/snd-soc-wcd9310.o
  LD      sound/soc/codecs/snd-soc-cs8427.o
  LD      sound/soc/codecs/snd-soc-msm-stub.o
  LD      sound/soc/codecs/built-in.o
  LD      sound/soc/jz4740/built-in.o
  LD      sound/soc/kirkwood/built-in.o
  CC      drivers/cpufreq/cpufreq_stats.o
  LD      sound/soc/mid-x86/built-in.o
  CC      fs/lockd/svclock.o
  CC      sound/soc/msm/qdsp6/q6asm.o
  LD      fs/jbd2/jbd2.o
  LD      fs/jbd2/built-in.o
  LD      sound/soc/mxs/built-in.o
  LD      sound/soc/nuc900/built-in.o
  LD      sound/soc/omap/built-in.o
  LD      sound/soc/pxa/built-in.o
  LD      sound/soc/s6000/built-in.o
  CC      fs/nfs/client.o
  CC      drivers/cpufreq/cpufreq_performance.o
  CC      drivers/cpufreq/cpufreq_powersave.o
  CC      drivers/cpufreq/cpufreq_userspace.o
  CC      fs/lockd/svcshare.o
  CC      drivers/cpufreq/cpufreq_ondemand.o
  CC      fs/lockd/svcproc.o
  CC      fs/nfs/dir.o
  CC      drivers/cpufreq/cpufreq_interactive.o
  CC      fs/lockd/svcsubs.o
  CC      sound/soc/msm/qdsp6/q6adm.o
  CC      drivers/cpufreq/freq_table.o
  CC      drivers/cpufreq/cpufreq_gov_msm.o
  CC      fs/nfs/file.o
  CC      fs/lockd/mon.o
  LD      drivers/cpufreq/built-in.o
  CC      drivers/cpuidle/cpuidle.o
  CC      sound/soc/msm/qdsp6/q6afe.o
  CC      fs/lockd/xdr.o
  CC      drivers/cpuidle/driver.o
  CC      fs/nfs/getroot.o
  CC      drivers/cpuidle/governor.o
  CC      drivers/cpuidle/sysfs.o
  CC      sound/soc/msm/qdsp6/q6voice.o
  CC      fs/nfs/inode.o
  CC      fs/lockd/grace.o
  CC      drivers/cpuidle/governors/ladder.o
  CC      fs/lockd/clnt4xdr.o
  CC      drivers/cpuidle/governors/menu.o
  LD      drivers/cpuidle/governors/built-in.o
  LD      drivers/cpuidle/built-in.o
  LD      drivers/crypto/built-in.o
  LD      drivers/crypto/msm/built-in.o
  CC [M]  drivers/crypto/msm/qcedev.o
  CC      fs/lockd/xdr4.o
  CC      fs/nfs/super.o
  CC      sound/soc/msm/qdsp6/pantech_aud_ctl.o
  CC      fs/lockd/svc4proc.o
  CC [M]  drivers/crypto/msm/qce40.o
  LD      sound/soc/msm/qdsp6/built-in.o
  CC      sound/soc/msm/msm-dai-q6-hdmi.o
  LD      fs/lockd/lockd.o
  LD      fs/lockd/built-in.o
  LD      sound/soc/samsung/built-in.o
  LD      sound/soc/sh/built-in.o
  LD      sound/soc/tegra/built-in.o
  LD      sound/soc/txx9/built-in.o
  CC      sound/soc/msm/msm-pcm-voice.o
  LD      sound/soc/snd-soc-core.o
  LD      sound/spi/built-in.o
  CC      arch/arm/oprofile/../../../drivers/oprofile/oprof.o
  CC      fs/nfs/nfs2xdr.o
  CC      arch/arm/oprofile/../../../drivers/oprofile/cpu_buffer.o
  CC      sound/soc/msm/msm-pcm-voip.o
  CC      arch/arm/oprofile/../../../drivers/oprofile/buffer_sync.o
  CC      fs/nfs/direct.o
  CC      arch/arm/oprofile/../../../drivers/oprofile/event_buffer.o
  CC [M]  drivers/crypto/msm/qcrypto.o
  CC      sound/soc/msm/sky-direct-adsp.o
  CC      arch/arm/oprofile/../../../drivers/oprofile/oprofile_files.o
  CC      arch/arm/oprofile/../../../drivers/oprofile/oprofilefs.o
  CC      fs/nfs/pagelist.o
  CC      arch/arm/oprofile/../../../drivers/oprofile/oprofile_stats.o
  CC      sound/soc/msm/msm-pcm-hostless.o
  CC      arch/arm/oprofile/../../../drivers/oprofile/timer_int.o
  CC      sound/soc/msm/msm8960.o
  CC      arch/arm/oprofile/../../../drivers/oprofile/oprofile_perf.o
  CC      arch/arm/oprofile/common.o
  CC      fs/nfs/proc.o
  CC      drivers/dmb/dmb_hw.o
  LD      arch/arm/oprofile/oprofile.o
  LD      arch/arm/oprofile/built-in.o
  CC      drivers/dmb/dmb_test.o
  CC      sound/soc/msm/apq8064.o
  CC      fs/nfs_common/nfsacl.o
  CC      drivers/dmb/dmb_i2c.o
  CC      fs/nfs/read.o
  LD      fs/nfs_common/nfs_acl.o
  LD      fs/nfs_common/built-in.o
  CC      fs/nfs/symlink.o
  CC      drivers/dmb/dmb_tsif.o
  CC      drivers/dmb/tdmb/tdmb_dev.o
  CC      sound/soc/msm/msm8930.o
  CC      sound/soc/msm/mpq8064.o
  CC      fs/nfs/unlink.o
  CC      drivers/dmb/tdmb/tdmb_bb.o
  CC      drivers/dmb/tdmb/tdmb_test.o
  LD      drivers/firewire/built-in.o
  CC      sound/soc/msm/apq8064-i2s.o
  CC      drivers/dmb/tdmb/fc8050/fc8050_bb.o
  CC      net/socket.o
  CC      drivers/dmb/tdmb/fc8050/fc8050_bbm.o
  CC      fs/nfs/write.o
  CC      drivers/dmb/tdmb/fc8050/fc8050_demux.o
  CC      sound/soc/msm/msm-dai-q6.o
  CC      drivers/dmb/tdmb/fc8050/fc8050_hpi.o
  CC      drivers/dmb/tdmb/fc8050/fc8050_i2c.o
  CC      drivers/dmb/tdmb/fc8050/fc8050_isr.o
  CC      drivers/dmb/tdmb/fc8050/fc8050_ppi.o
  CC      sound/soc/msm/msm-pcm-q6.o
  CC      drivers/dmb/tdmb/fc8050/fc8050_spi.o
  LD      net/802/built-in.o
  CC      net/bluetooth/af_bluetooth.o
  CC      fs/nfs/namespace.o
  CC      drivers/dmb/tdmb/fc8050/fc8050_tun.o
  CC      sound/soc/msm/msm-multi-ch-pcm-q6.o
  CC      drivers/dmb/tdmb/fc8050/fc8050_wrapper.o
  CC      fs/nfs/mount_clnt.o
  CC      drivers/dmb/tdmb/fc8050/fci_hal.o
  CC      drivers/dmb/tdmb/fc8050/fci_i2c.o
  CC      net/bluetooth/hci_core.o
  CC      sound/soc/msm/msm-lowlatency-pcm-q6.o
  CC      drivers/dmb/tdmb/fc8050/fci_tun.o
  LD      drivers/dmb/tdmb/fc8050/fc8050.o
  LD      drivers/dmb/tdmb/fc8050/built-in.o
  LD      drivers/dmb/tdmb/tdmb_device.o
  CC      fs/nfs/dns_resolve.o
  LD      drivers/dmb/tdmb/built-in.o
  LD      drivers/dmb/dmb_device.o
  LD      drivers/dmb/built-in.o
  LD      drivers/firmware/built-in.o
  CC      drivers/gpio/gpiolib.o
  CC      sound/soc/msm/msm-pcm-routing.o
  CC      fs/nfs/cache_lib.o
  CC      fs/nfs/nfs3proc.o
  CC      drivers/gpio/devres.o
  CC      sound/soc/msm/msm-dai-fe.o
  CC      drivers/gpio/gpio-msm-common.o
  CC      net/bluetooth/hci_conn.o
  CC      fs/nfs/nfs3xdr.o
  CC      sound/soc/msm/msm-compr-q6.o
  CC      drivers/gpio/gpio-msm-v2.o
  CC      drivers/gpio/pm8xxx-gpio.o
  CC      sound/soc/msm/msm-dai-stub.o
  CC      fs/nfs/nfs3acl.o
  CC      drivers/gpio/pm8xxx-mpp.o
  CC      sound/soc/msm/msm-pcm-lpa.o
  CC      net/bluetooth/hci_event.o
  CC      drivers/gpio/gpio-sx150x.o
  CC      fs/nfs/nfs4proc.o
  CC      sound/soc/msm/msm-pcm-afe.o
  LD      drivers/gpio/built-in.o
  LD      drivers/gpu/drm/i2c/built-in.o
  LD      drivers/gpu/drm/built-in.o
  CC      drivers/gpu/ion/ion.o
  CC      sound/soc/msm/sky_snd_fab2210.o
  CC      sound/soc/msm/sky_extampctrl_fab2210.o
  CC      drivers/gpu/ion/ion_heap.o
  CC      drivers/gpu/ion/ion_system_heap.o
  LD      sound/soc/msm/snd-soc-qdsp6.o
  LD      sound/soc/msm/snd-soc-msm8960.o
  LD      sound/soc/msm/snd-soc-hostless-pcm.o
  LD      sound/soc/msm/built-in.o
  LD      sound/soc/built-in.o
  LD      sound/synth/built-in.o
  CC      sound/usb/card.o
  CC      drivers/gpu/ion/ion_carveout_heap.o
  CC      fs/nfs/nfs4xdr.o
  CC      sound/usb/clock.o
  CC      drivers/gpu/ion/ion_iommu_heap.o
  CC      net/bluetooth/mgmt.o
  CC      drivers/gpu/ion/ion_cp_heap.o
  CC      sound/usb/endpoint.o
  CC      drivers/gpu/ion/msm/msm_ion.o
  CC      sound/usb/format.o
  CC      drivers/gpu/ion/msm/ion_cp_common.o
  LD      drivers/gpu/ion/msm/built-in.o
  LD      drivers/gpu/ion/built-in.o
  CC      sound/usb/helper.o
  CC      drivers/gpu/msm/adreno_ringbuffer.o
  CC      sound/usb/mixer.o
  CC      fs/nfs/nfs4state.o
  CC      net/bluetooth/hci_sock.o
  CC      drivers/gpu/msm/adreno_drawctxt.o
  CC      drivers/gpu/msm/adreno_postmortem.o
  CC      sound/usb/mixer_quirks.o
  CC      net/bluetooth/hci_sysfs.o
  CC      sound/usb/pcm.o
  CC      fs/nfs/nfs4renewd.o
  CC      drivers/gpu/msm/adreno_snapshot.o
  CC      drivers/gpu/msm/adreno_a2xx.o
  CC      fs/nfs/delegation.o
  CC      net/bluetooth/l2cap_core.o
  CC      sound/usb/proc.o
  CC      sound/usb/quirks.o
  CC      drivers/gpu/msm/adreno_a2xx_trace.o
  CC      sound/usb/stream.o
  CC      fs/nfs/idmap.o
  CC      drivers/gpu/msm/adreno_a2xx_snapshot.o
  CC      sound/usb/midi.o
  CC      drivers/gpu/msm/adreno_a3xx.o
  CC      fs/nfs/callback.o
  CC      fs/nfs/callback_xdr.o
  LD      sound/usb/6fire/built-in.o
  LD      sound/usb/caiaq/built-in.o
  LD      sound/usb/misc/built-in.o
  LD      sound/usb/usx2y/built-in.o
  LD      sound/usb/snd-usb-audio.o
  LD      sound/usb/snd-usbmidi-lib.o
  LD      sound/usb/built-in.o
  CC      sound/last.o
  LD      sound/soundcore.o
  LD      sound/built-in.o
  LD      drivers/gud/built-in.o
  CC [M]  drivers/gud/mobicore_driver/logging.o
  CC      fs/nfs/callback_proc.o
  CC [M]  drivers/gud/mobicore_driver/main.o
  CC      drivers/gpu/msm/adreno_a3xx_trace.o
  CC      fs/nfs/nfs4namespace.o
  CC      drivers/gpu/msm/adreno_a3xx_snapshot.o
  CC      net/bluetooth/l2cap_sock.o
  CC [M]  drivers/gud/mobicore_kernelapi/main.o
  CC      fs/nfs/sysctl.o
  CC      drivers/gpu/msm/adreno.o
  CC [M]  drivers/gud/mobicore_kernelapi/clientlib.o
  LD      fs/nfs/nfs.o
  LD      fs/nfs/built-in.o
  CC      fs/nls/nls_base.o
  CC      net/bluetooth/smp.o
  CC      fs/nls/nls_cp437.o
  CC      drivers/gpu/msm/adreno_debugfs.o
  CC      fs/nls/nls_ascii.o
  CC [M]  drivers/gud/mobicore_kernelapi/device.o
  CC      fs/nls/nls_iso8859-1.o
  CC      drivers/gpu/msm/kgsl.o
  CC [M]  drivers/gud/mobicore_kernelapi/session.o
  CC      fs/nls/nls_utf8.o
  CC [M]  drivers/gud/mobicore_kernelapi/connection.o
  LD      fs/nls/built-in.o
  CC      fs/notify/fsnotify.o
  CC      net/bluetooth/sco.o
  LD [M]  drivers/gud/mckernelapi.o
  LD [M]  drivers/gud/mcdrvmodule.o
  CC      fs/notify/notification.o
  CC      net/core/sock.o
  CC      net/bluetooth/lib.o
  CC      fs/notify/group.o
  CC      fs/notify/inode_mark.o
  CC      drivers/gpu/msm/kgsl_trace.o
  CC      net/bluetooth/amp.o
  CC      fs/notify/mark.o
  CC      fs/notify/vfsmount_mark.o
  CC      net/core/request_sock.o
  CC      drivers/gpu/msm/kgsl_sharedmem.o
  CC      fs/notify/dnotify/dnotify.o
  LD      fs/notify/dnotify/built-in.o
  LD      fs/notify/fanotify/built-in.o
  CC      fs/notify/inotify/inotify_fsnotify.o
  CC      fs/notify/inotify/inotify_user.o
  CC      net/core/skbuff.o
  CC      drivers/gpu/msm/kgsl_pwrctrl.o
  CC      net/bluetooth/bnep/core.o
  LD      fs/notify/inotify/built-in.o
  LD      fs/notify/built-in.o
  CC      fs/proc/mmu.o
  CC      fs/proc/task_mmu.o
  CC      drivers/gpu/msm/kgsl_pwrscale.o
  CC      net/bluetooth/bnep/sock.o
  CC      drivers/gpu/msm/kgsl_mmu.o
  CC      fs/proc/inode.o
  CC      net/bluetooth/bnep/netdev.o
  CC      fs/proc/root.o
  CC      net/core/iovec.o
  CC      drivers/gpu/msm/kgsl_gpummu.o
  LD      net/bluetooth/bnep/bnep.o
  LD      net/bluetooth/bnep/built-in.o
  CC      net/bluetooth/hidp/core.o
  CC      fs/proc/base.o
  CC      drivers/gpu/msm/kgsl_iommu.o
  CC      net/core/datagram.o
  CC      net/bluetooth/hidp/sock.o
  CC      fs/proc/generic.o
  CC      drivers/gpu/msm/kgsl_snapshot.o
  LD      net/bluetooth/hidp/hidp.o
  LD      net/bluetooth/hidp/built-in.o
  CC      net/bluetooth/rfcomm/core.o
  CC      net/core/stream.o
  CC      fs/proc/array.o
  CC      drivers/gpu/msm/kgsl_debugfs.o
  CC      drivers/gpu/msm/kgsl_pwrscale_trustzone.o
  CC      fs/proc/proc_tty.o
  CC      net/core/scm.o
  CC      fs/proc/cmdline.o
  CC      drivers/gpu/msm/kgsl_pwrscale_msm.o
  CC      fs/proc/consoles.o
  CC      net/bluetooth/rfcomm/sock.o
  CC      drivers/gpu/msm/z180.o
  CC      fs/proc/cpuinfo.o
  CC      fs/proc/devices.o
  CC      net/core/gen_stats.o
  CC      fs/proc/interrupts.o
  CC      drivers/gpu/msm/z180_postmortem.o
  CC      net/bluetooth/rfcomm/tty.o
  CC      fs/proc/loadavg.o
  CC      drivers/gpu/msm/z180_trace.o
  CC      fs/proc/meminfo.o
  CC      net/core/gen_estimator.o
  LD      drivers/gpu/msm/msm_kgsl_core.o
  LD      drivers/gpu/msm/msm_adreno.o
  LD      drivers/gpu/msm/msm_z180.o
  LD      drivers/gpu/msm/built-in.o
  LD      drivers/gpu/stub/built-in.o
  CC      drivers/gpu/vga/vgaarb.o
  CC      fs/proc/stat.o
  CC      fs/proc/uptime.o
  CC      net/core/net_namespace.o
  LD      net/bluetooth/rfcomm/rfcomm.o
  LD      net/bluetooth/rfcomm/built-in.o
  LD      net/bluetooth/bluetooth.o
  LD      net/bluetooth/built-in.o
  LD      fs/quota/built-in.o
  CC      drivers/hid/hid-debug.o
  CC      fs/proc/version.o
  LD      drivers/gpu/vga/built-in.o
  LD      drivers/gpu/built-in.o
  CC      fs/proc/softirqs.o
  CC      net/core/secure_seq.o
  CC      fs/proc/namespaces.o
  CC      fs/ramfs/inode.o
  CC      net/core/flow_dissector.o
  CC      drivers/hid/hid-core.o
  CC      fs/proc/proc_sysctl.o
  CC      fs/ramfs/file-mmu.o
  LD      fs/ramfs/ramfs.o
  LD      fs/ramfs/built-in.o
  CC      fs/sysfs/inode.o
  CC      net/core/sysctl_net_core.o
  CC      fs/sysfs/file.o
  CC      drivers/hid/hid-input.o
  CC      net/core/dev.o
  CC      fs/proc/proc_net.o
  CC      fs/sysfs/dir.o
  CC      fs/proc/kmsg.o
  CC      fs/proc/page.o
  CC      fs/sysfs/symlink.o
  CC      drivers/hid/hid-apple.o
  LD      fs/proc/proc.o
  LD      fs/proc/built-in.o
  CC      fs/eventpoll.o
  CC      fs/sysfs/mount.o
  CC      drivers/hid/hid-magicmouse.o
  CC      fs/sysfs/bin.o
  LD      drivers/hsi/clients/built-in.o
  LD      drivers/hsi/built-in.o
  CC      drivers/hwmon/hwmon.o
  CC      drivers/hid/hid-microsoft.o
  CC      fs/sysfs/group.o
  CC      drivers/hid/hid-sony.o
  CC      drivers/hwmon/pm8xxx-adc.o
  LD      fs/sysfs/built-in.o
  CC      fs/anon_inodes.o
  CC      drivers/hid/usbhid/hid-core.o
  CC      net/core/ethtool.o
  CC      drivers/hwmon/pm8xxx-adc-scale.o
  CC      fs/signalfd.o
  CC      drivers/hwmon/epm_adc.o
  CC      fs/timerfd.o
  CC      drivers/hid/usbhid/hid-quirks.o
  CC      fs/eventfd.o
  LD      drivers/hid/usbhid/usbhid.o
  LD      drivers/hid/usbhid/built-in.o
  LD      drivers/hid/hid.o
  CC      net/core/dev_addr_lists.o
  LD      drivers/hid/built-in.o
  LD      drivers/hwmon/built-in.o
  CC      drivers/i2c/i2c-core.o
  CC      drivers/i2c/i2c-boardinfo.o
  CC      fs/aio.o
  LD      arch/arm/lib/built-in.o
  AS      arch/arm/lib/ashldi3.o
  AS      arch/arm/lib/ashrdi3.o
  AS      arch/arm/lib/backtrace.o
  AS      arch/arm/lib/call_with_stack.o
  AS      arch/arm/lib/changebit.o
  AS      arch/arm/lib/clear_user.o
  AS      arch/arm/lib/clearbit.o
  AS      arch/arm/lib/copy_from_user.o
  CC      net/core/dst.o
  AS      arch/arm/lib/copy_page.o
  AS      arch/arm/lib/copy_to_user.o
  AS      arch/arm/lib/csumipv6.o
  AS      arch/arm/lib/csumpartial.o
  CC      drivers/i2c/i2c-dev.o
  AS      arch/arm/lib/csumpartialcopy.o
  AS      arch/arm/lib/csumpartialcopyuser.o
  CC      arch/arm/lib/delay.o
  AS      arch/arm/lib/div64.o
  CC      fs/locks.o
  CC      drivers/i2c/algos/i2c-algo-bit.o
  AS      arch/arm/lib/findbit.o
  AS      arch/arm/lib/getuser.o
  CC      net/core/netevent.o
  AS      arch/arm/lib/io-readsb.o
  AS      arch/arm/lib/io-readsl.o
  AS      arch/arm/lib/io-readsw-armv4.o
  AS      arch/arm/lib/io-writesb.o
  AS      arch/arm/lib/io-writesl.o
  AS      arch/arm/lib/io-writesw-armv4.o
  AS      arch/arm/lib/lib1funcs.o
  AS      arch/arm/lib/lshrdi3.o
  AS      arch/arm/lib/memchr.o
  LD      drivers/i2c/algos/built-in.o
  CC      drivers/i2c/busses/i2c-gpio.o
  AS      arch/arm/lib/memcpy.o
  AS      arch/arm/lib/memmove.o
  CC      net/core/neighbour.o
  AS      arch/arm/lib/memset.o
  AS      arch/arm/lib/memzero.o
  AS      arch/arm/lib/muldi3.o
  AS      arch/arm/lib/putuser.o
  AS      arch/arm/lib/setbit.o
  CC      drivers/i2c/busses/i2c-msm.o
  AS      arch/arm/lib/strchr.o
  AS      arch/arm/lib/strncpy_from_user.o
  AS      arch/arm/lib/strnlen_user.o
  AS      arch/arm/lib/strrchr.o
  AS      arch/arm/lib/testchangebit.o
  AS      arch/arm/lib/testclearbit.o
  AS      arch/arm/lib/testsetbit.o
  CC      fs/binfmt_script.o
  AS      arch/arm/lib/ucmpdi2.o
  AR      arch/arm/lib/lib.a
  CC      drivers/i2c/busses/i2c-qup.o
  LD      drivers/i2c/muxes/built-in.o
  CC      net/core/rtnetlink.o
  CC      fs/binfmt_elf.o
  LD      drivers/i2c/busses/built-in.o
  LD      drivers/i2c/built-in.o
  LD      drivers/idle/built-in.o
  LD      drivers/ieee802154/built-in.o
  CC      drivers/input/input.o
  CC      drivers/input/serio/serio.o
  CC      fs/mbcache.o
  CC      net/core/utils.o
  CC      drivers/input/serio/serport.o
  CC      fs/posix_acl.o
  CC      drivers/input/input-compat.o
  CC      drivers/input/serio/libps2.o
  CC      fs/xattr_acl.o
  CC      drivers/input/input-mt.o
  CC      net/core/link_watch.o
  CC      fs/dcookies.o
  LD      drivers/input/serio/built-in.o
  CC      net/dns_resolver/dns_key.o
  CC      drivers/input/ff-core.o
  CC      net/dns_resolver/dns_query.o
  LD      fs/built-in.o
  CC      net/core/filter.o
  CC      drivers/input/mousedev.o
  LD      net/dns_resolver/dns_resolver.o
  LD      net/dns_resolver/built-in.o
  CC      net/ethernet/eth.o
  CC      drivers/input/evdev.o
  CC      drivers/input/joystick/xpad.o
  CC      net/core/sock_diag.o
  CC      net/core/flow.o
  LD      net/ethernet/built-in.o
  CC      drivers/iommu/iommu.o
  LD      drivers/input/joystick/built-in.o
  CC      drivers/input/keyboard/atkbd.o
  CC      drivers/input/misc/keychord.o
  CC      drivers/iommu/msm_iommu.o
  CC      net/core/net-sysfs.o
  CC      drivers/input/keyboard/gpio_keys.o
  CC      drivers/input/misc/pmic8xxx-pwrkey.o
  CC      drivers/input/misc/uinput.o
  CC      drivers/iommu/msm_iommu_dev.o
  CC      drivers/input/keyboard/matrix_keypad.o
  LD      drivers/input/misc/built-in.o
  CC      drivers/input/keyboard/pmic8xxx-keypad.o
  CC      drivers/leds/led-core.o
  CC      net/core/fib_rules.o
  LD      drivers/iommu/built-in.o
  LD      drivers/lguest/built-in.o
  CC      drivers/input/mouse/psmouse-base.o
  CC      drivers/leds/led-class.o
  LD      drivers/input/keyboard/built-in.o
  LD      drivers/macintosh/built-in.o
  CC      drivers/md/dm.o
  CC      drivers/leds/led-triggers.o
  CC      drivers/input/mouse/synaptics.o
  CC      net/core/net-traces.o
  CC      drivers/leds/leds-pm8xxx.o
  CC      drivers/leds/ledtrig-heartbeat.o
  CC      drivers/input/mouse/alps.o
  CC      drivers/md/dm-table.o
  LD      drivers/leds/built-in.o
  CC      drivers/md/dm-target.o
  LD      net/core/built-in.o
  CC      net/ipv4/route.o
  CC      drivers/input/mouse/logips2pp.o
  CC      net/ipv6/af_inet6.o
  CC      drivers/input/mouse/trackpoint.o
  CC      drivers/md/dm-linear.o
  LD      drivers/input/mouse/psmouse.o
  LD      drivers/input/mouse/built-in.o
  CC      drivers/input/touchscreen/cypress_tma4xx/cyttsp4_core.o
  CC      drivers/md/dm-stripe.o
  CC      net/ipv6/anycast.o
  CC      drivers/md/dm-ioctl.o
  CC      net/ipv4/inetpeer.o
  CC      net/ipv6/ip6_output.o
  CC      drivers/md/dm-io.o
  CC      net/ipv4/protocol.o
  CC      drivers/md/dm-kcopyd.o
  CC      net/ipv4/ip_input.o
  CC      drivers/md/dm-sysfs.o
  CC      net/ipv6/ip6_input.o
  CC      drivers/input/touchscreen/cypress_tma4xx/cyttsp4_i2c.o
  CC      drivers/md/dm-crypt.o
  CC      drivers/input/touchscreen/cypress_tma4xx/cyttsp4_pm8921.o
  CC      net/ipv4/ip_fragment.o
  CC      net/ipv6/addrconf.o
  LD      drivers/input/touchscreen/cypress_tma4xx/built-in.o
  LD      drivers/input/touchscreen/built-in.o
  CC [M]  drivers/input/evbug.o
  LD      drivers/md/dm-mod.o
  LD      drivers/md/built-in.o
  CC      net/key/af_key.o
  LD      drivers/input/input-core.o
  LD      drivers/input/built-in.o
  CC      drivers/media/media-device.o
  CC      net/ipv4/ip_forward.o
  CC      drivers/media/media-devnode.o
  CC      drivers/media/media-entity.o
  CC      net/ipv4/ip_options.o
  CC      drivers/media/common/tuners/tuner-xc2028.o
  CC      net/ipv6/addrlabel.o
  LD      net/key/built-in.o
  CC      drivers/media/radio/radio-iris.o
  CC      net/ipv4/ip_output.o
  CC      drivers/media/common/tuners/tuner-simple.o
  CC      net/ipv6/route.o
  CC      drivers/media/common/tuners/tuner-types.o
  CC      net/ipv4/ip_sockglue.o
  CC      drivers/media/common/tuners/mt20xx.o
  CC [M]  drivers/media/radio/radio-iris-transport.o
  LD      drivers/media/radio/built-in.o
  CC      net/ipv4/inet_hashtables.o
  CC      net/ipv6/ip6_fib.o
  CC      drivers/media/common/tuners/tda8290.o
  CC      drivers/media/common/tuners/tea5767.o
  CC      net/ipv4/inet_timewait_sock.o
  CC      net/ipv6/ipv6_sockglue.o
  CC      drivers/media/common/tuners/tea5761.o
  CC      net/ipv4/inet_connection_sock.o
  CC      drivers/media/common/tuners/tda9887.o
  CC      lib/bcd.o
  CC      lib/div64.o
  CC      lib/sort.o
  CC      net/ipv6/ndisc.o
  CC      net/ipv4/tcp.o
  CC      drivers/media/common/tuners/tda827x.o
  CC      lib/parser.o
  CC      lib/halfmd4.o
  CC      lib/debug_locks.o
  CC      drivers/media/common/tuners/tda18271-maps.o
  CC      lib/random32.o
  CC      lib/bust_spinlocks.o
  CC      drivers/media/common/tuners/tda18271-common.o
  CC      lib/hexdump.o
  CC      net/ipv6/udp.o
  CC      lib/kasprintf.o
  CC      drivers/media/common/tuners/tda18271-fe.o
  CC      lib/bitmap.o
  CC      net/ipv4/tcp_input.o
  CC      lib/scatterlist.o
  CC      drivers/media/common/tuners/xc5000.o
  CC      lib/string_helpers.o
  CC      net/ipv6/udplite.o
  CC      lib/gcd.o
  CC      lib/lcm.o
  CC      lib/list_sort.o
  CC      drivers/media/common/tuners/xc4000.o
  CC      net/ipv6/raw.o
  CC      lib/uuid.o
  CC      lib/flex_array.o
  CC      lib/bsearch.o
  CC      lib/find_last_bit.o
  CC      drivers/media/common/tuners/mc44s803.o
  CC      lib/find_next_bit.o
  CC      lib/llist.o
  CC      lib/kstrtox.o
  CC      net/ipv6/protocol.o
  LD      drivers/media/common/tuners/tda18271.o
  LD      drivers/media/common/tuners/built-in.o
  LD      drivers/media/common/built-in.o
  CC      drivers/media/rc/keymaps/rc-adstech-dvb-t-pci.o
  CC      net/ipv4/tcp_output.o
  CC      lib/pci_iomap.o
  CC      drivers/media/rc/keymaps/rc-alink-dtu-m.o
  CC      drivers/media/rc/keymaps/rc-anysee.o
  CC      lib/iomap_copy.o
  CC      net/ipv6/icmp.o
  CC      drivers/media/rc/keymaps/rc-apac-viewcomp.o
  CC      lib/devres.o
  CC      drivers/media/rc/keymaps/rc-asus-pc39.o
  CC      drivers/media/rc/keymaps/rc-ati-tv-wonder-hd-600.o
  CC      lib/hweight.o
  CC      drivers/media/rc/keymaps/rc-ati-x10.o
  CC      lib/bitrev.o
  CC      drivers/media/rc/keymaps/rc-avermedia-a16d.o
  CC      lib/crc-ccitt.o
  CC      drivers/media/rc/keymaps/rc-avermedia.o
  CC      net/ipv6/mcast.o
  CC      drivers/media/rc/keymaps/rc-avermedia-cardbus.o
  CC      net/ipv4/tcp_timer.o
  CC      lib/crc16.o
  CC      drivers/media/rc/keymaps/rc-avermedia-dvbt.o
  HOSTCC  lib/gen_crc32table
  CC      lib/libcrc32c.o
  CC      drivers/media/rc/keymaps/rc-avermedia-m135a.o
  CC      drivers/media/rc/keymaps/rc-avermedia-m733a-rm-k6.o
  CC      lib/genalloc.o
  CC      drivers/media/rc/keymaps/rc-avermedia-rm-ks.o
  CC      drivers/media/rc/keymaps/rc-avertv-303.o
  CC      net/ipv4/tcp_ipv4.o
  CC      lib/lzo/lzo1x_compress.o
  CC      drivers/media/rc/keymaps/rc-azurewave-ad-tu700.o
  CC      lib/lzo/lzo1x_decompress.o
  CC      net/ipv6/reassembly.o
  CC      drivers/media/rc/keymaps/rc-behold.o
  CC      drivers/media/rc/keymaps/rc-behold-columbus.o
  LD      lib/lzo/lzo_compress.o
  LD      lib/lzo/lzo_decompress.o
  LD      lib/lzo/built-in.o
  CC      lib/reed_solomon/reed_solomon.o
  CC      drivers/media/rc/keymaps/rc-budget-ci-old.o
  CC      drivers/media/rc/keymaps/rc-cinergy-1400.o
  CC      drivers/media/rc/keymaps/rc-cinergy.o
  LD      lib/reed_solomon/built-in.o
  CC      lib/zlib_deflate/deflate.o
  CC      net/ipv6/tcp_ipv6.o
  CC      drivers/media/rc/keymaps/rc-dib0700-nec.o
  CC      drivers/media/rc/keymaps/rc-dib0700-rc5.o
  CC      net/ipv4/tcp_minisocks.o
  CC      lib/zlib_deflate/deftree.o
  CC      drivers/media/rc/keymaps/rc-digitalnow-tinytwin.o
  CC      drivers/media/rc/keymaps/rc-digittrade.o
  CC      drivers/media/rc/keymaps/rc-dm1105-nec.o
  CC      lib/zlib_deflate/deflate_syms.o
  CC      drivers/media/rc/keymaps/rc-dntv-live-dvb-t.o
  LD      lib/zlib_deflate/zlib_deflate.o
  LD      lib/zlib_deflate/built-in.o
  CC      lib/zlib_inflate/inffast.o
  CC      drivers/media/rc/keymaps/rc-dntv-live-dvbt-pro.o
  CC      net/ipv6/exthdrs.o
  CC      net/ipv4/tcp_cong.o
  CC      lib/zlib_inflate/inflate.o
  CC      drivers/media/rc/keymaps/rc-em-terratec.o
  CC      drivers/media/rc/keymaps/rc-encore-enltv2.o
  CC      drivers/media/rc/keymaps/rc-encore-enltv.o
  CC      lib/zlib_inflate/infutil.o
  CC      lib/zlib_inflate/inftrees.o
  CC      drivers/media/rc/keymaps/rc-encore-enltv-fm53.o
  CC      lib/zlib_inflate/inflate_syms.o
  CC      net/ipv4/datagram.o
  CC      drivers/media/rc/keymaps/rc-evga-indtube.o
  LD      lib/zlib_inflate/zlib_inflate.o
  LD      lib/zlib_inflate/built-in.o
  CC      lib/textsearch.o
  CC      net/ipv6/datagram.o
  CC      drivers/media/rc/keymaps/rc-eztv.o
  CC      lib/ts_kmp.o
  CC      drivers/media/rc/keymaps/rc-flydvb.o
  CC      drivers/media/rc/keymaps/rc-flyvideo.o
  CC      lib/ts_bm.o
  CC      net/ipv4/raw.o
  CC      drivers/media/rc/keymaps/rc-fusionhdtv-mce.o
  CC      net/ipv6/ip6_flowlabel.o
  CC      lib/ts_fsm.o
  CC      drivers/media/rc/keymaps/rc-gadmei-rm008z.o
  CC      drivers/media/rc/keymaps/rc-genius-tvgo-a11mce.o
  CC      lib/percpu_counter.o
  CC      drivers/media/rc/keymaps/rc-gotview7135.o
  CC      lib/dynamic_debug.o
  CC      drivers/media/rc/keymaps/rc-imon-mce.o
  CC      net/ipv4/udp.o
  CC      net/ipv6/inet6_connection_sock.o
  CC      drivers/media/rc/keymaps/rc-imon-pad.o
  CC      drivers/media/rc/keymaps/rc-iodata-bctv7e.o
  CC      drivers/media/rc/keymaps/rc-it913x-v1.o
  CC      drivers/media/rc/keymaps/rc-it913x-v2.o
  CC      lib/nlattr.o
  CC      net/ipv6/sysctl_net_ipv6.o
  CC      drivers/media/rc/keymaps/rc-kaiomy.o
  CC      drivers/media/rc/keymaps/rc-kworld-315u.o
  CC      drivers/media/rc/keymaps/rc-kworld-pc150u.o
  CC      drivers/media/rc/keymaps/rc-kworld-plus-tv-analog.o
  CC      lib/cpu_rmap.o
  CC      net/ipv6/xfrm6_policy.o
  CC      drivers/media/rc/keymaps/rc-leadtek-y04g0051.o
  CC      net/ipv4/udplite.o
  CC      lib/dynamic_queue_limits.o
  CC      drivers/media/rc/keymaps/rc-lirc.o
  CC      lib/argv_split.o
  CC      drivers/media/rc/keymaps/rc-lme2510.o
  CC      net/ipv6/xfrm6_state.o
  CC      drivers/media/rc/keymaps/rc-manli.o
  CC      lib/bug.o
  CC      net/ipv4/arp.o
  CC      drivers/media/rc/keymaps/rc-medion-x10.o
  CC      lib/cmdline.o
  CC      net/ipv6/xfrm6_input.o
  CC      drivers/media/rc/keymaps/rc-msi-digivox-ii.o
  CC      lib/cpumask.o
  CC      drivers/media/rc/keymaps/rc-msi-digivox-iii.o
  CC      lib/ctype.o
  CC      lib/dec_and_lock.o
  CC      drivers/media/rc/keymaps/rc-msi-tvanywhere.o
  CC      lib/decompress.o
  CC      drivers/media/rc/keymaps/rc-msi-tvanywhere-plus.o
  CC      lib/decompress_bunzip2.o
  CC      net/ipv6/xfrm6_output.o
  CC      drivers/media/rc/keymaps/rc-nebula.o
  CC      net/ipv4/icmp.o
  CC      drivers/media/rc/keymaps/rc-nec-terratec-cinergy-xs.o
  CC      lib/decompress_inflate.o
  CC      drivers/media/rc/keymaps/rc-norwood.o
  CC      lib/decompress_unlzma.o
  CC      drivers/media/rc/keymaps/rc-npgtech.o
  CC      drivers/media/rc/keymaps/rc-pctv-sedna.o
  CC      net/ipv6/netfilter.o
  CC      drivers/media/rc/keymaps/rc-philips.o
  CC      lib/dump_stack.o
  CC      net/ipv4/devinet.o
  CC      lib/extable.o
  CC      drivers/media/rc/keymaps/rc-pinnacle-color.o
  CC      lib/idr.o
  CC      drivers/media/rc/keymaps/rc-pinnacle-grey.o
  CC      net/ipv6/fib6_rules.o
  CC      drivers/media/rc/keymaps/rc-pinnacle-pctv-hd.o
  CC      lib/int_sqrt.o
  CC      lib/ioremap.o
  CC      drivers/media/rc/keymaps/rc-pixelview.o
  CC      drivers/media/rc/keymaps/rc-pixelview-mk12.o
  CC      net/ipv6/proc.o
  CC      lib/irq_regs.o
  CC      drivers/media/rc/keymaps/rc-pixelview-002t.o
  CC      net/ipv4/af_inet.o
  CC      lib/is_single_threaded.o
  CC      drivers/media/rc/keymaps/rc-pixelview-new.o
  CC      lib/klist.o
  CC      net/ipv6/ah6.o
  CC      drivers/media/rc/keymaps/rc-powercolor-real-angel.o
  CC      drivers/media/rc/keymaps/rc-proteus-2309.o
  CC      lib/kobject.o
  CC      drivers/media/rc/keymaps/rc-purpletv.o
  CC      drivers/media/rc/keymaps/rc-pv951.o
  CC      lib/kobject_uevent.o
  CC      net/ipv6/esp6.o
  CC      drivers/media/rc/keymaps/rc-hauppauge.o
  CC      net/ipv4/igmp.o
  CC      drivers/media/rc/keymaps/rc-rc6-mce.o
  CC      drivers/media/rc/keymaps/rc-real-audio-220-32-keys.o
  CC      drivers/media/rc/keymaps/rc-snapstream-firefly.o
  CC      lib/md5.o
  CC      drivers/media/rc/keymaps/rc-samsung-necx.o
  CC      net/ipv6/ipcomp6.o
  CC      lib/memory_alloc.o
  CC      drivers/media/rc/keymaps/rc-streamzap.o
  CC      drivers/media/rc/keymaps/rc-tbs-nec.o
  CC      net/ipv4/fib_frontend.o
  CC      drivers/media/rc/keymaps/rc-technisat-usb2.o
  CC      lib/plist.o
  CC      net/ipv6/xfrm6_tunnel.o
  CC      drivers/media/rc/keymaps/rc-terratec-cinergy-xs.o
  CC      lib/prio_heap.o
  CC      drivers/media/rc/keymaps/rc-terratec-slim.o
  CC      lib/prio_tree.o
  CC      drivers/media/rc/keymaps/rc-terratec-slim-2.o
  CC      lib/proportions.o
  CC      drivers/media/rc/keymaps/rc-tevii-nec.o
  CC      net/ipv6/tunnel6.o
  CC      lib/radix-tree.o
  CC      drivers/media/rc/keymaps/rc-tivo.o
  CC      net/ipv4/fib_semantics.o
  CC      drivers/media/rc/keymaps/rc-total-media-in-hand.o
  CC      drivers/media/rc/keymaps/rc-trekstor.o
  CC      lib/ratelimit.o
  CC      drivers/media/rc/keymaps/rc-tt-1500.o
  CC      net/ipv6/xfrm6_mode_transport.o
  CC      lib/rbtree.o
  CC      net/ipv4/fib_trie.o
  CC      drivers/media/rc/keymaps/rc-twinhan1027.o
  CC      lib/reciprocal_div.o
  CC      drivers/media/rc/keymaps/rc-ue-rf4ce.o
  CC      lib/rwsem-spinlock.o
  CC      net/ipv6/xfrm6_mode_tunnel.o
  CC      drivers/media/rc/keymaps/rc-videomate-m1f.o
  CC      lib/sha1.o
  CC      drivers/media/rc/keymaps/rc-videomate-s350.o
  CC      drivers/media/rc/keymaps/rc-videomate-tv-pvr.o
  CC      net/ipv6/xfrm6_mode_beet.o
  CC      drivers/media/rc/keymaps/rc-winfast.o
  CC      lib/show_mem.o
  CC      drivers/media/rc/keymaps/rc-winfast-usbii-deluxe.o
  CC      lib/string.o
  LD      drivers/media/rc/keymaps/built-in.o
  CC      drivers/media/rc/rc-main.o
  CC      net/ipv4/inet_fragment.o
  CC      net/ipv6/mip6.o
  CC      lib/timerqueue.o
  CC      lib/vsprintf.o
  CC      net/ipv6/netfilter/ip6_tables.o
  CC      net/ipv4/ping.o
  CC      drivers/media/rc/ir-raw.o
  CC      drivers/media/rc/lirc_dev.o
  GEN     lib/crc32table.h
  AR      lib/lib.a
  CC      lib/crc32.o
  CC      net/ipv4/sysctl_net_ipv4.o
  CC      net/ipv6/netfilter/ip6table_filter.o
  LD      lib/built-in.o
  CC      drivers/media/rc/ir-nec-decoder.o
  CC      net/ipv6/sit.o
  CC      net/ipv6/netfilter/ip6table_mangle.o
  CC      drivers/media/rc/ir-rc5-decoder.o
  CC      net/ipv4/sysfs_net_ipv4.o
  CC      drivers/media/rc/ir-rc6-decoder.o
  CC      net/ipv6/netfilter/ip6table_raw.o
  CC      drivers/media/rc/ir-jvc-decoder.o
  CC      net/ipv4/proc.o
  CC      drivers/media/rc/ir-sony-decoder.o
  CC      net/ipv6/addrconf_core.o
  CC      net/ipv6/netfilter/nf_conntrack_l3proto_ipv6.o
  CC      drivers/media/rc/ir-rc5-sz-decoder.o
  CC      net/ipv4/fib_rules.o
  CC      drivers/media/rc/ir-sanyo-decoder.o
  CC      drivers/media/rc/ir-mce_kbd-decoder.o
  CC      net/ipv6/netfilter/nf_conntrack_proto_icmpv6.o
  CC      drivers/mfd/marimba-core.o
  CC      net/ipv4/esp4.o
  CC      drivers/media/rc/ir-lirc-codec.o
  CC      net/ipv6/netfilter/nf_defrag_ipv6_hooks.o
  CC      drivers/mfd/mfd-core.o
  CC      drivers/media/rc/user-rc-input.o
  CC      drivers/mfd/wcd9xxx-core.o
  CC      drivers/media/rc/gpio-ir-recv.o
  CC      net/ipv4/ipcomp.o
  CC      net/ipv6/netfilter/nf_conntrack_reasm.o
  LD      drivers/media/rc/rc-core.o
  LD      drivers/media/rc/built-in.o
  CC      drivers/media/video/v4l2-dev.o
  CC      net/ipv4/xfrm4_tunnel.o
  CC      net/ipv6/netfilter/ip6t_REJECT.o
  CC      drivers/mfd/wcd9xxx-irq.o
  CC      drivers/media/video/v4l2-ioctl.o
  CC      net/ipv4/tunnel4.o
  CC      drivers/mfd/wcd9xxx-slimslave.o
  LD      net/ipv6/netfilter/nf_conntrack_ipv6.o
  LD      net/ipv6/netfilter/nf_defrag_ipv6.o
  LD      net/ipv6/netfilter/built-in.o
  CC      net/ipv6/exthdrs_core.o
  CC      drivers/mfd/pm8921-core.o
  CC      net/ipv4/xfrm4_mode_transport.o
  CC      net/ipv6/inet6_hashtables.o
  CC      drivers/mfd/pm8821-core.o
  CC      net/ipv4/xfrm4_mode_tunnel.o
  CC      drivers/mfd/pm8038-core.o
  CC      drivers/media/video/v4l2-device.o
  LD      net/ipv6/ipv6.o
  LD      net/ipv6/built-in.o
  CC      net/ipv4/ipconfig.o
  CC      drivers/media/video/v4l2-fh.o
  CC      drivers/mfd/pm8xxx-irq.o
  CC      drivers/mfd/pm8821-irq.o
  CC      drivers/media/video/v4l2-event.o
  CC      drivers/media/video/v4l2-ctrls.o
  CC      drivers/mfd/pm8xxx-pwm.o
  CC      net/ipv4/netfilter.o
  CC      net/ipv4/netfilter/nf_nat_rule.o
  CC      drivers/mfd/pm8xxx-misc.o
  CC      net/ipv4/netfilter/nf_nat_standalone.o
  CC      drivers/mfd/pm8xxx-spk.o
  CC      drivers/media/video/v4l2-subdev.o
  CC      net/ipv4/inet_diag.o
  CC      drivers/mfd/pm8xxx-batt-alarm.o
  CC      net/ipv4/netfilter/nf_conntrack_l3proto_ipv4_compat.o
  CC      drivers/media/video/v4l2-int-device.o
  LD      drivers/mfd/built-in.o
  CC      drivers/misc/pmem.o
  CC      drivers/media/video/v4l2-common.o
  CC      net/ipv4/netfilter/nf_conntrack_l3proto_ipv4.o
  CC      drivers/media/video/videobuf2-core.o
  CC      net/l2tp/l2tp_core.o
  CC      net/ipv4/netfilter/nf_conntrack_proto_icmp.o
  CC      drivers/misc/pn544.o
  CC      drivers/media/video/videobuf2-memops.o
  CC      net/ipv4/netfilter/nf_nat_core.o
  CC      drivers/misc/smsc_hub.o
  CC      drivers/media/video/videobuf2-vmalloc.o
  CC      net/l2tp/l2tp_ppp.o
  CC      drivers/misc/uid_stat.o
  LD      drivers/misc/carma/built-in.o
  LD      drivers/misc/cb710/built-in.o
  LD      drivers/misc/eeprom/built-in.o
  CC [M]  drivers/misc/eeprom/eeprom_93cx6.o
  CC      net/ipv4/netfilter/nf_nat_helper.o
  CC      drivers/media/video/videobuf2-dma-contig.o
  LD      drivers/misc/lis3lv02d/built-in.o
  LD      drivers/misc/ti-st/built-in.o
  CC      drivers/misc/tsif.o
  CC      drivers/media/video/videobuf2-dma-sg.o
  CC      net/l2tp/l2tp_ip.o
  CC      drivers/misc/tsif_chrdev.o
  CC      net/ipv4/netfilter/nf_nat_proto_unknown.o
  CC      drivers/media/video/videobuf2-msm-mem.o
  CC      net/l2tp/l2tp_netlink.o
  CC      drivers/misc/pm8xxx-vibrator.o
  CC      net/ipv4/netfilter/nf_nat_proto_common.o
  CC      drivers/media/video/vcap_v4l2.o
  CC      drivers/misc/qseecom.o
  CC      net/ipv4/netfilter/nf_nat_proto_tcp.o
  CC      net/l2tp/l2tp_eth.o
  CC      net/ipv4/netfilter/nf_nat_proto_udp.o
  CC      drivers/media/video/vcap_vc.o
  LD      drivers/misc/msm_tsif.o
  LD      drivers/misc/built-in.o
  CC      net/ipv4/tcp_diag.o
  LD      net/l2tp/built-in.o
  CC      net/ipv4/tcp_bic.o
  CC      net/ipv4/netfilter/nf_nat_proto_icmp.o
  CC      drivers/media/video/vcap_vp.o
  CC      net/netfilter/core.o
  CC      net/ipv4/netfilter/nf_defrag_ipv4.o
  CC      net/ipv4/tcp_cubic.o
  CC      net/netfilter/nf_log.o
  CC      net/ipv4/netfilter/nf_nat_amanda.o
  LD      drivers/media/video/davinci/built-in.o
  LD      drivers/media/video/gspca/built-in.o
  CC [M]  drivers/media/video/gspca/gspca.o
  CC      drivers/media/video/msm/actuators/msm_actuator.o
  CC      net/ipv4/netfilter/nf_nat_ftp.o
  LD      drivers/media/video/msm/actuators/built-in.o
  LD      drivers/media/video/msm/cci/built-in.o
  CC      drivers/media/video/msm/csi/msm_csi2_register.o
  CC      net/netfilter/nf_queue.o
  CC      net/ipv4/netfilter/nf_nat_h323.o
  CC      drivers/media/video/msm/csi/msm_csiphy.o
  LD [M]  drivers/media/video/gspca/gspca_main.o
  CC      net/ipv4/netfilter/nf_nat_irc.o
  CC      drivers/media/video/msm/csi/msm_csid.o
  CC      net/netfilter/nf_sockopt.o
  CC      net/netfilter/nf_conntrack_core.o
  CC      net/ipv4/netfilter/nf_nat_pptp.o
  CC      drivers/media/video/msm/csi/msm_ispif.o
  CC      net/ipv4/netfilter/nf_nat_sip.o
  CC      net/ipv4/netfilter/nf_nat_tftp.o
  LD      drivers/media/video/msm/csi/built-in.o
  CC      net/netfilter/nf_conntrack_standalone.o
  LD      drivers/media/video/msm/eeprom/built-in.o
  CC      drivers/media/video/msm/gemini/msm_gemini_dev.o
  CC      net/ipv4/netfilter/nf_nat_proto_dccp.o
  CC      net/ipv4/netfilter/nf_nat_proto_gre.o
  CC      drivers/media/video/msm/gemini/msm_gemini_sync.o
  CC      drivers/media/video/msm_wfd/mdp-subdev.o
  CC      net/netfilter/nf_conntrack_expect.o
  CC      net/ipv4/netfilter/nf_nat_proto_udplite.o
  CC      drivers/media/video/msm_wfd/enc-subdev.o
  CC      net/ipv4/netfilter/nf_nat_proto_sctp.o
  CC      net/netfilter/nf_conntrack_helper.o
  CC      drivers/media/video/msm/gemini/msm_gemini_core.o
  CC      drivers/media/video/msm_wfd/vsg-subdev.o
  CC      net/ipv4/netfilter/ip_tables.o
  CC      drivers/media/video/msm/gemini/msm_gemini_hw.o
  CC      drivers/media/video/msm_wfd/wfd-ioctl.o
  CC      drivers/media/video/msm/gemini/msm_gemini_platform.o
  CC      net/netfilter/nf_conntrack_proto.o
  LD      drivers/media/video/msm/gemini/built-in.o
  CC      drivers/media/video/msm/io/msm_camera_io_util.o
  CC      net/ipv4/netfilter/iptable_filter.o
  CC      net/netfilter/nf_conntrack_l3proto_generic.o
  CC      drivers/media/video/msm_wfd/wfd-util.o
  CC      drivers/media/video/msm/io/msm_camera_i2c.o
  LD      drivers/media/video/msm_wfd/built-in.o
  CC      net/ipv4/netfilter/iptable_mangle.o
  CC      drivers/media/video/msm/io/msm_camera_i2c_mux.o
  CC      net/netfilter/nf_conntrack_proto_generic.o
  CC      drivers/mmc/card/block.o
  CC      drivers/media/video/msm/io/msm_io_8960.o
  LD      net/ipv4/netfilter/iptable_nat.o
  CC      net/ipv4/netfilter/iptable_raw.o
  CC      net/netfilter/nf_conntrack_proto_tcp.o
  LD      drivers/media/video/msm/io/built-in.o
  LD      drivers/media/video/msm/jpeg_10/built-in.o
  LD      drivers/media/video/msm/mercury/built-in.o
  CC      drivers/media/video/msm/sensors/msm_sensor_common.o
  CC      net/ipv4/netfilter/ipt_ah.o
  CC      drivers/media/video/msm/sensors/msm_sensor.o
  CC      drivers/mmc/card/queue.o
  CC      net/ipv4/netfilter/ipt_MASQUERADE.o
  CC      net/netfilter/nf_conntrack_proto_udp.o
  CC      net/ipv4/netfilter/ipt_NETMAP.o
  CC      drivers/media/video/msm/sensors/msm_sensor_bayer.o
  CC [M]  drivers/mmc/card/mmc_test.o
  CC      net/ipv4/netfilter/ipt_REDIRECT.o
  CC      net/netfilter/nf_conntrack_extend.o
  CC      drivers/media/video/msm/sensors/msm_sensor_init.o
  CC      net/ipv4/netfilter/ipt_REJECT.o
  CC      drivers/media/video/msm/sensors/ce1502_v4l2.o
  CC      net/netfilter/nf_conntrack_acct.o
  LD      drivers/mmc/card/mmc_block.o
  LD      drivers/mmc/card/built-in.o
  CC      drivers/mmc/core/core.o
  CC      net/ipv4/netfilter/arp_tables.o
  CC      net/netfilter/nf_conntrack_ecache.o
  CC      drivers/media/video/msm/sensors/yacd5c1sbdbc_v4l2.o
  CC      net/netfilter/nf_conntrack_h323_main.o
  CC      net/ipv4/netfilter/arpt_mangle.o
  CC      drivers/mmc/core/bus.o
  CC      drivers/media/video/msm/sensors/sensor_i2c.o
  CC      net/ipv4/netfilter/arptable_filter.o
  CC      drivers/media/video/msm/sensors/sensor_ctrl.o
  CC      drivers/mmc/core/host.o
  LD      net/ipv4/netfilter/nf_conntrack_ipv4.o
  LD      drivers/media/video/msm/sensors/built-in.o
  LD      net/ipv4/netfilter/nf_nat.o
  LD      net/ipv4/netfilter/built-in.o
  CC      net/ipv4/xfrm4_policy.o
  CC      drivers/media/video/msm/server/msm_cam_server.o
  CC      net/netfilter/nf_conntrack_h323_asn1.o
  CC      drivers/mmc/core/mmc.o
  CC      net/ipv4/xfrm4_state.o
  CC      net/netfilter/nfnetlink.o
  CC      net/ipv4/xfrm4_input.o
  CC      drivers/mmc/core/mmc_ops.o
  CC      net/netfilter/nfnetlink_queue.o
  LD      drivers/media/video/msm/server/built-in.o
  CC      drivers/media/video/msm/vfe/msm_vfe32.o
  CC      drivers/mmc/core/sd.o
  CC      net/ipv4/xfrm4_output.o
  CC      net/netfilter/nfnetlink_log.o
  CC      drivers/mmc/core/sd_ops.o
  CC [M]  net/ipv4/tcp_westwood.o
  CC      drivers/mmc/core/sdio.o
  LD      net/netfilter/nf_conntrack.o
  CC      net/netfilter/nf_conntrack_proto_dccp.o
  CC [M]  net/ipv4/tcp_htcp.o
  CC      drivers/mmc/core/sdio_ops.o
  CC      drivers/mmc/core/sdio_bus.o
  LD      net/ipv4/built-in.o
  CC      net/netfilter/nf_conntrack_proto_gre.o
  CC      drivers/media/video/msm/msm_isp.o
  CC      drivers/mmc/core/sdio_cis.o
  CC      drivers/media/video/msm/vfe/msm_vfe_stats_buf.o
  CC      drivers/mmc/core/sdio_io.o
  CC      net/netfilter/nf_conntrack_proto_sctp.o
  CC      drivers/media/video/uvc/uvc_driver.o
  LD      drivers/media/video/msm/vfe/built-in.o
  CC      drivers/media/video/msm/msm.o
  CC      drivers/mmc/core/sdio_irq.o
  CC      net/netfilter/nf_conntrack_proto_udplite.o
  CC      drivers/mmc/core/quirks.o
  CC      drivers/mmc/core/cd-gpio.o
  CC      net/netfilter/nf_conntrack_netlink.o
  CC      drivers/media/video/uvc/uvc_queue.o
  CC      drivers/media/video/msm/msm_mem.o
  CC      drivers/mmc/core/debugfs.o
  CC      drivers/media/video/uvc/uvc_v4l2.o
  CC      drivers/media/video/msm/msm_mctl.o
  LD      drivers/mmc/core/mmc_core.o
  LD      drivers/mmc/core/built-in.o
  CC      drivers/mmc/host/msm_sdcc.o
  CC      drivers/media/video/uvc/uvc_video.o
  CC      net/netfilter/nf_conntrack_amanda.o
  CC      drivers/media/video/msm/msm_mctl_buf.o
  CC      net/netfilter/nf_conntrack_ftp.o
  CC      drivers/media/video/uvc/uvc_ctrl.o
  CC      drivers/media/video/msm/msm_mctl_pp.o
  CC      drivers/media/video/uvc/uvc_status.o
  LD      net/netfilter/nf_conntrack_h323.o
  CC      net/netfilter/nf_conntrack_irc.o
  CC      drivers/media/video/msm/msm_gesture.o
  CC      drivers/media/video/uvc/uvc_isight.o
  CC      drivers/media/video/uvc/uvc_debugfs.o
  CC      drivers/media/video/msm/msm_axi_qos.o
  CC      drivers/mmc/host/msm_sdcc_dml.o
  CC      net/netfilter/nf_conntrack_broadcast.o
  CC      drivers/media/video/msm/msm_vpe.o
  CC      drivers/media/video/uvc/uvc_entity.o
  LD      drivers/mmc/host/built-in.o
  LD      drivers/mmc/built-in.o
  CC      net/netfilter/nf_conntrack_netbios_ns.o
  LD      drivers/media/video/uvc/uvcvideo.o
  LD      drivers/media/video/uvc/built-in.o
  CC      drivers/media/video/ir-kbd-i2c.o
  CC      net/netfilter/nf_conntrack_pptp.o
  CC      net/netfilter/nf_conntrack_sane.o
  LD      drivers/media/video/videodev.o
  CC      net/netfilter/nf_conntrack_sip.o
  LD      drivers/media/video/msm/built-in.o
  LD      drivers/media/video/built-in.o
  LD      drivers/media/media.o
  LD      drivers/media/built-in.o
  CC      net/netfilter/nf_conntrack_tftp.o
  CC      drivers/net/dummy.o
  CC      net/netfilter/nf_tproxy_core.o
  CC      drivers/net/mii.o
  CC      net/netfilter/x_tables.o
  CC      net/netfilter/xt_tcpudp.o
  CC      net/netfilter/xt_mark.o
  CC      drivers/net/Space.o
  CC      net/netfilter/xt_connmark.o
  CC      net/netfilter/xt_CLASSIFY.o
  CC      drivers/net/loopback.o
  CC      net/netfilter/xt_LOG.o
  CC      net/netfilter/xt_NFQUEUE.o
  CC      net/netfilter/xt_comment.o
  LD      drivers/net/ethernet/3com/built-in.o
  LD      drivers/net/ethernet/8390/built-in.o
  LD      drivers/net/ethernet/adaptec/built-in.o
  LD      drivers/net/ethernet/alteon/built-in.o
  LD      drivers/net/ethernet/amd/built-in.o
  LD      drivers/net/ethernet/atheros/built-in.o
  LD      drivers/net/ethernet/broadcom/built-in.o
  LD      drivers/net/ethernet/brocade/built-in.o
  LD      drivers/net/ethernet/chelsio/built-in.o
  LD      drivers/net/ethernet/cirrus/built-in.o
  LD      drivers/net/ethernet/cisco/built-in.o
  LD      drivers/net/ethernet/dec/built-in.o
  LD      drivers/net/ethernet/dlink/built-in.o
  LD      drivers/net/ethernet/emulex/built-in.o
  LD      drivers/net/ethernet/faraday/built-in.o
  LD      drivers/net/ethernet/hp/built-in.o
  LD      drivers/net/ethernet/i825xx/built-in.o
  LD      drivers/net/ethernet/intel/built-in.o
  LD      drivers/net/ethernet/marvell/built-in.o
  LD      drivers/net/ethernet/mellanox/built-in.o
  LD      drivers/net/ethernet/micrel/built-in.o
  CC [M]  drivers/net/ethernet/micrel/ks8851.o
  CC      net/netfilter/xt_connlimit.o
  LD      drivers/net/ethernet/microchip/built-in.o
  CC      net/netfilter/xt_conntrack.o
  CC      net/netfilter/xt_ecn.o
  CC      net/netfilter/xt_hashlimit.o
  CC      drivers/net/ethernet/msm/msm_rmnet_bam.o
  CC      drivers/net/ethernet/msm/msm_rmnet_smux.o
  CC      net/netfilter/xt_helper.o
  CC      net/netfilter/xt_hl.o
  LD      drivers/net/ethernet/myricom/built-in.o
  CC      net/netlink/af_netlink.o
  LD      drivers/net/ethernet/msm/built-in.o
  LD      drivers/net/ethernet/natsemi/built-in.o
  LD      drivers/net/ethernet/neterion/built-in.o
  LD      drivers/net/ethernet/nvidia/built-in.o
  LD      drivers/net/ethernet/oki-semi/built-in.o
  LD      drivers/net/ethernet/packetengines/built-in.o
  LD      drivers/net/ethernet/qlogic/built-in.o
  LD      drivers/net/ethernet/rdc/built-in.o
  LD      drivers/net/ethernet/realtek/built-in.o
  LD      drivers/net/ethernet/seeq/built-in.o
  CC      net/netlink/genetlink.o
  LD      drivers/net/ethernet/silan/built-in.o
  LD      drivers/net/ethernet/sis/built-in.o
  CC      drivers/net/ethernet/smsc/smc91x.o
  CC      net/netfilter/xt_iprange.o
  CC      net/netfilter/xt_length.o
  CC      net/netfilter/xt_limit.o
  CC      drivers/net/phy/phy.o
  LD      net/netlink/built-in.o
  CC      drivers/net/ppp/ppp_generic.o
  CC      drivers/net/ethernet/smsc/smc911x.o
  CC      net/netfilter/xt_mac.o
  CC      drivers/net/phy/phy_device.o
  CC      net/netfilter/xt_multiport.o
  CC      net/netfilter/xt_pkttype.o
  CC      drivers/net/ppp/ppp_async.o
  CC      drivers/net/phy/mdio_bus.o
  CC      net/netfilter/xt_policy.o
  CC      drivers/net/ppp/bsd_comp.o
  CC      net/netfilter/xt_qtaguid_print.o
  LD      drivers/net/phy/libphy.o
  LD      drivers/net/phy/built-in.o
  CC      drivers/net/ethernet/smsc/smsc911x.o
  CC      drivers/net/ppp/ppp_deflate.o
  CC      net/netfilter/xt_qtaguid.o
  CC      drivers/net/ppp/ppp_mppe.o
  CC      drivers/net/ppp/ppp_synctty.o
  LD      drivers/net/ethernet/stmicro/built-in.o
  LD      drivers/net/ethernet/sun/built-in.o
  CC      drivers/net/slip/slip.o
  CC      drivers/net/ppp/pppox.o
  CC      drivers/net/ppp/pppoe.o
  CC      net/netfilter/xt_quota.o
  CC      drivers/net/slip/slhc.o
  CC      net/netfilter/xt_quota2.o
  CC      drivers/net/ppp/pppolac.o
  CC      net/netfilter/xt_socket.o
  CC      drivers/net/ppp/pppopns.o
  LD      drivers/net/slip/built-in.o
  LD      drivers/net/ethernet/tehuti/built-in.o
  LD      drivers/net/ethernet/ti/built-in.o
  CC      net/netfilter/xt_state.o
  CC      net/netfilter/xt_statistic.o
  LD      drivers/net/ppp/built-in.o
  CC      drivers/net/usb/asix.o
  CC      net/netfilter/xt_string.o
  CC      net/netfilter/xt_time.o
  CC      net/netfilter/xt_u32.o
  LD      drivers/net/ethernet/via/built-in.o
  LD      net/netfilter/netfilter.o
  CC      drivers/net/wireless/wcnss/wcnss_wlan.o
  CC      drivers/net/usb/cdc_ether.o
  LD      net/netfilter/built-in.o
  CC      net/packet/af_packet.o
  LD      drivers/net/ethernet/smsc/built-in.o
  LD      drivers/net/ethernet/built-in.o
  CC      drivers/net/usb/net1080.o
  CC      drivers/net/wireless/wcnss/qcomwlan_secif.o
  CC      drivers/net/wireless/wcnss/wcnss_vreg.o
  CC      drivers/net/tun.o
  CC      drivers/net/usb/cdc_subset.o
  CC      drivers/net/usb/zaurus.o
  CC      drivers/net/wireless/wcnss/wcnss_prealloc.o
  LD      net/packet/built-in.o
  LD      drivers/net/wireless/wcnss/wcnsscore.o
  LD      drivers/net/wireless/wcnss/built-in.o
  CC      net/rfkill/core.o
  LD      drivers/net/wireless/built-in.o
  CC      net/sched/sch_generic.o
  CC      drivers/net/usb/usbnet.o
  CC      drivers/net/usb/cdc_ncm.o
  LD      net/rfkill/rfkill.o
  LD      net/rfkill/built-in.o
  CC      net/sunrpc/clnt.o
  CC      net/sched/sch_mq.o
  CC      net/sunrpc/xprt.o
  CC      drivers/net/usb/rmnet_usb_ctrl.o
  CC      net/sched/sch_api.o
  CC      drivers/net/usb/rmnet_usb_data.o
  CC      net/sunrpc/socklib.o
  CC      net/sunrpc/xprtsock.o
  LD      drivers/net/usb/rmnet_usb.o
  LD      drivers/net/usb/built-in.o
  LD      drivers/net/built-in.o
  CC      net/sunrpc/sched.o
  LD      drivers/nfc/built-in.o
  CC      drivers/pci/access.o
  CC      net/sched/sch_blackhole.o
  CC      net/sched/cls_api.o
  CC      drivers/pci/bus.o
  CC      net/sunrpc/auth.o
  CC      drivers/pci/probe.o
  CC      net/sunrpc/auth_null.o
  CC      net/sched/act_api.o
  CC      net/sunrpc/auth_unix.o
  CC      net/sunrpc/auth_generic.o
  CC      drivers/pci/remove.o
  CC      net/sunrpc/svc.o
  CC      drivers/pci/pci.o
  CC      net/sunrpc/svcsock.o
  CC      net/sched/sch_fifo.o
  CC      net/sched/sch_htb.o
  CC      net/sunrpc/svcauth.o
  CC      net/sunrpc/svcauth_unix.o
  CC      net/sunrpc/addr.o
  CC      drivers/pci/pci-driver.o
  CC      net/sched/sch_prio.o
  CC      net/sunrpc/rpcb_clnt.o
  CC      drivers/pci/search.o
  CC      net/sunrpc/timer.o
  CC      net/sched/cls_u32.o
  CC      drivers/pci/pci-sysfs.o
  CC      net/sunrpc/xdr.o
  CC      net/sunrpc/sunrpc_syms.o
  CC      net/sched/cls_fw.o
  CC      drivers/pci/rom.o
  CC      drivers/pci/setup-res.o
  CC      net/sched/cls_flow.o
  CC      net/sunrpc/cache.o
  CC      net/sunrpc/rpc_pipe.o
  CC      drivers/pci/irq.o
  CC      net/sched/ematch.o
  CC      drivers/pci/vpd.o
  CC      drivers/pci/proc.o
  CC      net/sunrpc/svc_xprt.o
  CC      net/sunrpc/stats.o
  CC      net/sched/em_cmp.o
  CC      drivers/pci/slot.o
  CC      net/sched/em_nbyte.o
  CC      net/sunrpc/sysctl.o
  CC      drivers/pci/quirks.o
  CC      net/sunrpc/auth_gss/auth_gss.o
  CC      net/sched/em_u32.o
  CC      drivers/pci/hotplug.o
  CC      net/sched/em_meta.o
  LD      net/sunrpc/sunrpc.o
  CC      drivers/pci/msi.o
  CC      drivers/pci/setup-bus.o
  CC      net/sunrpc/auth_gss/gss_generic_token.o
  CC      drivers/pci/setup-irq.o
  CC      net/sched/em_text.o
  CC      net/sunrpc/auth_gss/gss_mech_switch.o
  CC      net/sunrpc/auth_gss/svcauth_gss.o
  CC      drivers/pci/syscall.o
  LD      net/sched/built-in.o
  CC      net/unix/af_unix.o
  LD      drivers/pci/built-in.o
  LD      drivers/pinctrl/built-in.o
  CC      drivers/platform/msm/ssbi.o
  CC      net/wireless/wext-core.o
  CC      drivers/platform/msm/sps/bam.o
  LD      net/sunrpc/auth_gss/auth_rpcgss.o
  LD      net/sunrpc/auth_gss/built-in.o
  LD      net/sunrpc/built-in.o
  CC      drivers/platform/msm/sps/sps_bam.o
  CC      net/wireless/wext-proc.o
  CC      net/unix/garbage.o
  CC      net/wireless/wext-spy.o
  CC      net/wireless/wext-priv.o
  CC      net/unix/sysctl_net_unix.o
  CC      net/xfrm/xfrm_policy.o
  CC [M]  net/wireless/core.o
  LD      net/unix/unix.o
  LD      net/unix/built-in.o
  CC      drivers/power/power_supply_core.o
  CC      drivers/power/power_supply_sysfs.o
  CC      drivers/power/power_supply_leds.o
  CC [M]  net/wireless/sysfs.o
  CC      drivers/power/battery_current_limit.o
  CC      drivers/power/smb347_charger.o
  CC [M]  net/wireless/radiotap.o
  CC      drivers/platform/msm/sps/sps.o
  CC      net/xfrm/xfrm_state.o
  CC [M]  net/wireless/util.o
  CC      drivers/power/max17058_battery.o
  LD      drivers/power/power_supply.o
  LD      drivers/power/built-in.o
  CC [M]  net/wireless/reg.o
  CC      net/sysctl_net.o
  CC      net/xfrm/xfrm_hash.o
  CC      net/xfrm/xfrm_input.o
  CC      drivers/platform/msm/sps/sps_dma.o
  CC [M]  net/wireless/scan.o
  CC [M]  net/wireless/nl80211.o
  CC      drivers/platform/msm/sps/sps_map.o
  CC      drivers/platform/msm/sps/sps_mem.o
  CC      net/xfrm/xfrm_output.o
  CC      drivers/platform/msm/sps/sps_rm.o
  CC      net/activity_stats.o
  LD      drivers/platform/msm/sps/built-in.o
  LD      drivers/platform/msm/built-in.o
  LD      drivers/platform/built-in.o
  CC      drivers/regulator/core.o
  CC      net/xfrm/xfrm_algo.o
  CC      net/xfrm/xfrm_sysctl.o
  CC      drivers/regulator/dummy.o
  CC      net/xfrm/xfrm_replay.o
  CC      drivers/regulator/fixed-helper.o
  CC      drivers/regulator/msm-gpio-regulator.o
  CC      drivers/regulator/pm8xxx-regulator.o
  CC      net/xfrm/xfrm_user.o
  CC      net/xfrm/xfrm_ipcomp.o
  CC [M]  net/wireless/mlme.o
  LD      drivers/regulator/built-in.o
  CC      drivers/rtc/rtc-lib.o
  CC [M]  net/wireless/ibss.o
  LD      net/xfrm/built-in.o
  CC [M]  net/wireless/sme.o
  CC      drivers/rtc/hctosys.o
  CC [M]  net/wireless/chan.o
  CC      drivers/rtc/class.o
  CC [M]  net/wireless/ethtool.o
  CC [M]  net/wireless/mesh.o
  CC      drivers/rtc/interface.o
  CC      drivers/scsi/scsi.o
  CC      drivers/scsi/hosts.o
  LD      net/wireless/built-in.o
  LD [M]  net/wireless/cfg80211.o
  LD      net/built-in.o
  CC      drivers/rtc/rtc-dev.o
  CC      drivers/scsi/scsi_ioctl.o
  CC      drivers/rtc/rtc-proc.o
  CC      drivers/scsi/constants.o
  CC      drivers/rtc/rtc-sysfs.o
  CC      drivers/scsi/scsicam.o
  CC      drivers/slimbus/slimbus.o
  CC      drivers/rtc/alarm.o
  CC      drivers/slimbus/slim-msm-ctrl.o
  CC      drivers/scsi/scsi_error.o
  CC      drivers/rtc/alarm-dev.o
  CC      drivers/rtc/rtc-pm8xxx.o
  LD      drivers/slimbus/built-in.o
  CC      drivers/spi/spi.o
  CC      drivers/staging/staging.o
  LD      drivers/rtc/rtc-core.o
  LD      drivers/rtc/built-in.o
  CC      drivers/staging/android/binder.o
  CC      drivers/scsi/scsi_lib.o
  LD      drivers/staging/media/built-in.o
  CC      drivers/staging/qcache/qcache-main.o
  CC      drivers/spi/spi_qsd.o
  CC      drivers/staging/qcache/tmem.o
  CC      drivers/staging/qcache/fmem.o
  CC      drivers/scsi/scsi_lib_dma.o
  LD      drivers/staging/qcache/qcache.o
  LD      drivers/staging/qcache/built-in.o
  CC      drivers/scsi/scsi_scan.o
  CC      drivers/scsi/scsi_sysfs.o
  CC      drivers/staging/android/ashmem.o
  CC [M]  drivers/spi/spidev.o
  CC      drivers/staging/android/logger.o
  CC      drivers/staging/android/persistent_ram.o
  CC      drivers/scsi/scsi_devinfo.o
  LD      drivers/spi/built-in.o
  CC      drivers/switch/switch_class.o
  CC      drivers/scsi/scsi_sysctl.o
  CC      drivers/staging/android/ram_console.o
  CC      drivers/switch/switch_sky.o
  LD      drivers/staging/serial/built-in.o
  CC      drivers/scsi/scsi_proc.o
  CC      drivers/staging/android/timed_output.o
  LD      drivers/switch/built-in.o
  CC      drivers/scsi/scsi_trace.o
  CC      drivers/thermal/thermal_sys.o
  CC      drivers/thermal/msm8960_tsens.o
  CC      drivers/staging/android/timed_gpio.o
  CC      drivers/scsi/scsi_pm.o
  CC      drivers/staging/android/lowmemorykiller.o
  LD      drivers/staging/android/built-in.o
  LD      drivers/staging/built-in.o
  CC      drivers/tty/tty_io.o
  CC      drivers/thermal/pm8xxx-tm.o
  CC      drivers/scsi/scsi_tgt_lib.o
  CC      drivers/thermal/msm_thermal.o
  CC      drivers/usb/class/cdc-acm.o
  LD      drivers/thermal/built-in.o
  CC      drivers/video/fb_notify.o
  CC      drivers/scsi/scsi_tgt_if.o
  CC      drivers/video/fbmem.o
  CC      drivers/tty/n_tty.o
  LD      drivers/usb/class/built-in.o
  CC      drivers/usb/core/usb.o
  CC      drivers/scsi/sd.o
  CC      drivers/video/fbmon.o
  CC      drivers/usb/core/hub.o
  CC      drivers/tty/tty_ioctl.o
  CC      drivers/video/fbcmap.o
  CC      drivers/tty/tty_ldisc.o
  LD      drivers/scsi/arm/built-in.o
  LD      drivers/scsi/sd_mod.o
  CC      drivers/scsi/sg.o
  CC      drivers/video/fbsysfs.o
  CC      drivers/usb/core/hcd.o
  CC      drivers/tty/tty_buffer.o
  CC      drivers/video/modedb.o
  CC      drivers/tty/tty_port.o
  CC      drivers/scsi/ch.o
  CC      drivers/video/fbcvt.o
  CC      drivers/tty/tty_mutex.o
  CC      drivers/video/backlight/backlight.o
  CC      drivers/usb/core/urb.o
  CC [M]  drivers/scsi/scsi_wait_scan.o
  CC      drivers/tty/pty.o
  LD      drivers/scsi/scsi_mod.o
  LD      drivers/scsi/scsi_tgt.o
  CC      drivers/video/backlight/generic_bl.o
  LD      drivers/scsi/built-in.o
  CC      drivers/usb/core/message.o
  CC      drivers/usb/core/driver.o
  CC      drivers/tty/sysrq.o
  CC [M]  drivers/video/backlight/lcd.o
  CC      drivers/tty/n_smux.o
  CC      drivers/usb/core/config.o
  LD      drivers/video/backlight/built-in.o
  CC      drivers/video/console/dummycon.o
  CC      drivers/usb/core/file.o
  LD      drivers/video/console/built-in.o
  CC      drivers/video/msm/msm_fb.o
  CC      drivers/usb/core/buffer.o
  CC      drivers/usb/core/sysfs.o
  CC      drivers/usb/core/endpoint.o
  CC      drivers/usb/core/devio.o
  CC      drivers/usb/core/notify.o
  CC      drivers/tty/smux_debug.o
  CC      drivers/tty/smux_test.o
  CC      drivers/usb/core/generic.o
  CC      drivers/video/msm/mdp.o
  CC      drivers/usb/core/quirks.o
  CC      drivers/usb/core/devices.o
  CC      drivers/usb/core/hcd-pci.o
  CC      drivers/tty/smux_loopback.o
  CC      drivers/tty/smux_ctl.o
  LD      drivers/usb/core/usbcore.o
  LD      drivers/usb/core/built-in.o
  CC      drivers/usb/gadget/udc-core.o
  LD      drivers/tty/ipwireless/built-in.o
  CC      drivers/tty/serial/serial_core.o
  CC      drivers/video/msm/mdp_debugfs.o
  CC      drivers/tty/vt/vt_ioctl.o
  CC      drivers/usb/gadget/ci13xxx_msm.o
  CC      drivers/video/msm/mdp4_util.o
  CC      drivers/tty/serial/msm_serial_hs.o
  CC      drivers/tty/vt/vc_screen.o
  CC      drivers/tty/vt/selection.o
  CC      drivers/usb/gadget/android.o
  CC      drivers/tty/vt/keyboard.o
  CC      drivers/video/msm/mdp4_overlay.o
  CC      drivers/tty/serial/msm_serial_hs_lite.o
  CC      drivers/tty/vt/consolemap.o
  LD      drivers/tty/serial/built-in.o
  CC      drivers/video/msm/mdp4_overlay_lcdc.o
  CC      drivers/video/msm/mdp4_overlay_dsi_video.o
  CONMK   drivers/tty/vt/consolemap_deftbl.c
  CC      drivers/tty/vt/vt.o
  CC      drivers/video/msm/mdp4_overlay_dsi_cmd.o
  CC      drivers/video/msm/mdp_dma.o
  CC      drivers/video/msm/mdp_dma_s.o
  CC      drivers/video/msm/mdp_vsync.o
  CC      drivers/video/msm/mdp_cursor.o
  CC      drivers/video/msm/mdp_dma_tv.o
  CC      drivers/video/msm/msm_dss_io_8960.o
  SHIPPED drivers/tty/vt/defkeymap.c
  CC      drivers/tty/vt/consolemap_deftbl.o
  CC      drivers/video/msm/mipi_dsi.o
  CC      drivers/tty/vt/defkeymap.o
  LD      drivers/tty/vt/built-in.o
  LD      drivers/tty/built-in.o
  CC      drivers/usb/host/pci-quirks.o
  CC      drivers/usb/host/ehci-hcd.o
  CC      drivers/video/msm/mipi_dsi_host.o
  CC      drivers/video/msm/mipi_rohm.o
  CC      drivers/video/msm/msm_fb_panel.o
  CC      drivers/video/msm/mipi_rohm_video_hd.o
  CC      drivers/video/msm/mdp4_wfd_writeback_panel.o
  CC      drivers/video/msm/mdp4_wfd_writeback.o
  CC      drivers/video/msm/mdp4_overlay_writeback.o
  CC      drivers/video/msm/vidc/common/init/vidc_init.o
  LD      drivers/video/msm/msm_mipi.o
  CC      drivers/usb/misc/ehset.o
  CC      drivers/video/msm/vidc/common/vcd/vcd_api.o
  CC      drivers/usb/misc/diag_bridge.o
  CC      drivers/video/msm/vidc/common/vcd/vcd_power_sm.o
  CC      drivers/usb/misc/mdm_ctrl_bridge.o
  CC      drivers/video/msm/vidc/common/vcd/vcd_client_sm.o
  CC      drivers/video/msm/vidc/common/vcd/vcd_device_sm.o
  LD      drivers/usb/host/built-in.o
  CC      drivers/video/msm/vidc/common/vcd/vcd_scheduler.o
  CC      drivers/usb/misc/mdm_data_bridge.o
  CC      drivers/video/msm/vidc/common/vcd/vcd_sub.o
  CC      drivers/video/msm/vidc/1080p/ddl/vcd_ddl_helper.o
  CC      drivers/video/msm/vidc/1080p/ddl/vcd_ddl_utils.o
  CC      drivers/usb/misc/ks_bridge.o
  LD      drivers/video/omap2/displays/built-in.o
  LD      drivers/video/omap2/built-in.o
  CC      drivers/video/msm/vidc/1080p/ddl/vcd_ddl_interrupt_handler.o
  CC      drivers/usb/otg/otg.o
  LD      drivers/usb/misc/mdm_bridge.o
  LD      drivers/usb/misc/built-in.o
  CC      drivers/video/cfbfillrect.o
  CC      drivers/usb/otg/msm_otg.o
  CC      drivers/video/msm/vidc/1080p/ddl/vcd_ddl_properties.o
  CC      drivers/video/msm/vidc/1080p/ddl/vcd_ddl_errors.o
  CC      drivers/usb/serial/usb-serial.o
  CC      drivers/video/msm/vidc/1080p/ddl/vcd_ddl_shared_mem.o
  CC      drivers/video/msm/vidc/1080p/ddl/vidc.o
  CC      drivers/usb/serial/generic.o
  LD      drivers/usb/otg/built-in.o
  CC      drivers/usb/storage/alauda.o
  CC      drivers/video/msm/vidc/1080p/ddl/vidc_pix_cache.o
  CC      drivers/usb/serial/bus.o
  LD      drivers/usb/gadget/g_android.o
  LD      drivers/usb/gadget/built-in.o
  CC      drivers/usb/usb-common.o
  CC      drivers/video/msm/vidc/1080p/ddl/vcd_ddl_vidc.o
  CC      drivers/video/cfbcopyarea.o
  CC      drivers/usb/serial/csvt.o
  CC      drivers/usb/storage/cypress_atacb.o
  CC      drivers/video/msm/vidc/1080p/ddl/vcd_ddl.o
  LD      drivers/usb/serial/usbserial.o
  LD      drivers/usb/serial/built-in.o
  CC      drivers/video/msm/vidc/1080p/ddl/vcd_ddl_metadata.o
  CC      drivers/video/cfbimgblt.o
  CC      drivers/usb/storage/datafab.o
  CC      drivers/video/msm/vidc/1080p/resource_tracker/vcd_res_tracker.o
  CC      drivers/video/msm/vidc/common/dec/vdec.o
  CC      drivers/usb/storage/freecom.o
  CC      drivers/usb/storage/isd200.o
  CC      drivers/usb/storage/jumpshot.o
  CC      drivers/usb/storage/karma.o
  CC      drivers/usb/storage/onetouch.o
  CC      drivers/usb/storage/sddr09.o
  CC      drivers/video/msm/vidc/common/enc/venc.o
  CC      drivers/usb/storage/sddr55.o
  CC      drivers/video/msm/vidc/common/enc/venc_internal.o
  CC      drivers/video/sysfillrect.o
  CC      drivers/usb/storage/shuttle_usbat.o
  CC      drivers/video/syscopyarea.o
  LD      drivers/video/msm/vidc/vidc.o
  LD      drivers/video/msm/vidc/vidc_vdec.o
  LD      drivers/video/msm/vidc/vidc_venc.o
  LD      drivers/video/msm/vidc/built-in.o
  LD      drivers/video/msm/built-in.o
  CC      drivers/video/sysimgblt.o
  CC      drivers/video/fb_sys_fops.o
  CC      drivers/video/vfb.o
  CC      drivers/usb/storage/scsiglue.o
  CC      drivers/usb/storage/protocol.o
  LD      drivers/video/fb.o
  CC      drivers/usb/storage/transport.o
  LD      drivers/video/built-in.o
  CC      drivers/usb/storage/usb.o
  CC      drivers/usb/storage/initializers.o
  CC      drivers/usb/storage/sierra_ms.o
  CC      drivers/usb/storage/option_ms.o
  CC      drivers/usb/storage/usual-tables.o
  LD      drivers/usb/storage/usb-storage.o
  LD      drivers/usb/storage/ums-alauda.o
  LD      drivers/usb/storage/ums-cypress.o
  LD      drivers/usb/storage/ums-datafab.o
  LD      drivers/usb/storage/ums-freecom.o
  LD      drivers/usb/storage/ums-isd200.o
  LD      drivers/usb/storage/ums-jumpshot.o
  LD      drivers/usb/storage/ums-onetouch.o
  LD      drivers/usb/storage/ums-sddr09.o
  LD      drivers/usb/storage/ums-sddr55.o
  LD      drivers/usb/storage/ums-karma.o
  LD      drivers/usb/storage/ums-usbat.o
  LD      drivers/usb/storage/built-in.o
  LD      drivers/usb/built-in.o
  LD      drivers/built-in.o
  LD      vmlinux.o
  MODPOST vmlinux.o
  GEN     .version
  CHK     include/generated/compile.h
  LD      .tmp_vmlinux1
  KSYM    .tmp_kallsyms1.S
  AS      .tmp_kallsyms1.o
  LD      .tmp_vmlinux2
  KSYM    .tmp_kallsyms2.S
  AS      .tmp_kallsyms2.o
  LD      vmlinux
  SYSMAP  System.map
  SYSMAP  .tmp_System.map
  OBJCOPY arch/arm/boot/Image
  Building modules, stage 2.
  MODPOST 22 modules
  CC      arch/arm/mach-msm/dma_test.mod.o
  CC      arch/arm/mach-msm/msm-buspm-dev.mod.o
  CC      arch/arm/mach-msm/reset_modem.mod.o
  Kernel: arch/arm/boot/Image is ready
  AS      arch/arm/boot/compressed/head.o
  GZIP    arch/arm/boot/compressed/piggy.gzip
  CC      block/test-iosched.mod.o
  CC      crypto/ansi_cprng.mod.o
  CC      drivers/crypto/msm/qce40.mod.o
  CC      arch/arm/boot/compressed/misc.o
  CC      drivers/crypto/msm/qcedev.mod.o
  CC      drivers/crypto/msm/qcrypto.mod.o
  CC      arch/arm/boot/compressed/decompress.o
  CC      drivers/gud/mcdrvmodule.mod.o
  CC      arch/arm/boot/compressed/string.o
  CC      drivers/gud/mckernelapi.mod.o
  CC      drivers/input/evbug.mod.o
  CC      drivers/media/radio/radio-iris-transport.mod.o
  CC      drivers/media/video/gspca/gspca_main.mod.o
  SHIPPED arch/arm/boot/compressed/lib1funcs.S
  SHIPPED arch/arm/boot/compressed/ashldi3.S
  CC      drivers/misc/eeprom/eeprom_93cx6.mod.o
  CC      drivers/mmc/card/mmc_test.mod.o
  CC      drivers/net/ethernet/micrel/ks8851.mod.o
  CC      drivers/scsi/scsi_wait_scan.mod.o
  CC      drivers/spi/spidev.mod.o
  CC      drivers/video/backlight/lcd.mod.o
  CC      net/ipv4/tcp_htcp.mod.o
  CC      net/ipv4/tcp_westwood.mod.o
  CC      net/wireless/cfg80211.mod.o
  LD [M]  arch/arm/mach-msm/dma_test.ko
  LD [M]  arch/arm/mach-msm/msm-buspm-dev.ko
  LD [M]  arch/arm/mach-msm/reset_modem.ko
  LD [M]  block/test-iosched.ko
  LD [M]  crypto/ansi_cprng.ko
  LD [M]  drivers/crypto/msm/qce40.ko
  LD [M]  drivers/crypto/msm/qcedev.ko
  LD [M]  drivers/crypto/msm/qcrypto.ko
  LD [M]  drivers/gud/mcdrvmodule.ko
  LD [M]  drivers/gud/mckernelapi.ko
  LD [M]  drivers/input/evbug.ko
  LD [M]  drivers/media/radio/radio-iris-transport.ko
  LD [M]  drivers/media/video/gspca/gspca_main.ko
  LD [M]  drivers/misc/eeprom/eeprom_93cx6.ko
  LD [M]  drivers/mmc/card/mmc_test.ko
  LD [M]  drivers/net/ethernet/micrel/ks8851.ko
  LD [M]  drivers/scsi/scsi_wait_scan.ko
  LD [M]  drivers/spi/spidev.ko
  LD [M]  drivers/video/backlight/lcd.ko
  LD [M]  net/ipv4/tcp_htcp.ko
  LD [M]  net/ipv4/tcp_westwood.ko
  LD [M]  net/wireless/cfg80211.ko
  AS      arch/arm/boot/compressed/lib1funcs.o
  AS      arch/arm/boot/compressed/ashldi3.o
  AS      arch/arm/boot/compressed/piggy.gzip.o
  LD      arch/arm/boot/compressed/vmlinux
  OBJCOPY arch/arm/boot/zImage
  Kernel: arch/arm/boot/zImage is ready
